Archive member included to satisfy reference by file (symbol)

C:/Users/ferre/.pico-sdk/toolchain/13_3_Rel1/bin/../lib/gcc/arm-none-eabi/13.3.1/thumb/v8-m.main+fp/softfp\libm.a(libm_a-wf_sqrt.o)
                              CMakeFiles/U4_Microcontroladores_GPIO_ATIVIDADE_2.dir/C_/Users/ferre/.pico-sdk/sdk/2.1.0/src/rp2_common/pico_float/float_math.c.obj (sqrtf)
C:/Users/ferre/.pico-sdk/toolchain/13_3_Rel1/bin/../lib/gcc/arm-none-eabi/13.3.1/thumb/v8-m.main+fp/softfp\libm.a(libm_a-ef_sqrt.o)
                              C:/Users/ferre/.pico-sdk/toolchain/13_3_Rel1/bin/../lib/gcc/arm-none-eabi/13.3.1/thumb/v8-m.main+fp/softfp\libm.a(libm_a-wf_sqrt.o) (__ieee754_sqrtf)
C:/Users/ferre/.pico-sdk/toolchain/13_3_Rel1/bin/../lib/gcc/arm-none-eabi/13.3.1/thumb/v8-m.main+fp/softfp\libgcc.a(_arm_addsubdf3.o)
                              CMakeFiles/U4_Microcontroladores_GPIO_ATIVIDADE_2.dir/C_/Users/ferre/.pico-sdk/sdk/2.1.0/src/rp2_common/pico_float/float_math.c.obj (__aeabi_f2d)
C:/Users/ferre/.pico-sdk/toolchain/13_3_Rel1/bin/../lib/gcc/arm-none-eabi/13.3.1/thumb/v8-m.main+fp/softfp\libgcc.a(_aeabi_ldivmod.o)
                              CMakeFiles/U4_Microcontroladores_GPIO_ATIVIDADE_2.dir/C_/Users/ferre/.pico-sdk/sdk/2.1.0/src/common/pico_time/time.c.obj (__aeabi_ldivmod)
C:/Users/ferre/.pico-sdk/toolchain/13_3_Rel1/bin/../lib/gcc/arm-none-eabi/13.3.1/thumb/v8-m.main+fp/softfp\libgcc.a(_aeabi_uldivmod.o)
                              CMakeFiles/U4_Microcontroladores_GPIO_ATIVIDADE_2.dir/C_/Users/ferre/.pico-sdk/sdk/2.1.0/src/rp2_common/hardware_clocks/clocks.c.obj (__aeabi_uldivmod)
C:/Users/ferre/.pico-sdk/toolchain/13_3_Rel1/bin/../lib/gcc/arm-none-eabi/13.3.1/thumb/v8-m.main+fp/softfp\libgcc.a(_udivmoddi4.o)
                              C:/Users/ferre/.pico-sdk/toolchain/13_3_Rel1/bin/../lib/gcc/arm-none-eabi/13.3.1/thumb/v8-m.main+fp/softfp\libgcc.a(_aeabi_ldivmod.o) (__udivmoddi4)
C:/Users/ferre/.pico-sdk/toolchain/13_3_Rel1/bin/../lib/gcc/arm-none-eabi/13.3.1/thumb/v8-m.main+fp/softfp\libgcc.a(_dvmd_tls.o)
                              C:/Users/ferre/.pico-sdk/toolchain/13_3_Rel1/bin/../lib/gcc/arm-none-eabi/13.3.1/thumb/v8-m.main+fp/softfp\libgcc.a(_aeabi_ldivmod.o) (__aeabi_ldiv0)
C:/Users/ferre/.pico-sdk/toolchain/13_3_Rel1/bin/../lib/gcc/arm-none-eabi/13.3.1/thumb/v8-m.main+fp/softfp\libg.a(libc_a-calloc.o)
                              CMakeFiles/U4_Microcontroladores_GPIO_ATIVIDADE_2.dir/C_/Users/ferre/.pico-sdk/sdk/2.1.0/src/rp2_common/pico_malloc/malloc.c.obj (calloc)
C:/Users/ferre/.pico-sdk/toolchain/13_3_Rel1/bin/../lib/gcc/arm-none-eabi/13.3.1/thumb/v8-m.main+fp/softfp\libg.a(libc_a-callocr.o)
                              C:/Users/ferre/.pico-sdk/toolchain/13_3_Rel1/bin/../lib/gcc/arm-none-eabi/13.3.1/thumb/v8-m.main+fp/softfp\libg.a(libc_a-calloc.o) (_calloc_r)
C:/Users/ferre/.pico-sdk/toolchain/13_3_Rel1/bin/../lib/gcc/arm-none-eabi/13.3.1/thumb/v8-m.main+fp/softfp\libg.a(libc_a-malloc.o)
                              CMakeFiles/U4_Microcontroladores_GPIO_ATIVIDADE_2.dir/C_/Users/ferre/.pico-sdk/sdk/2.1.0/src/rp2_common/pico_malloc/malloc.c.obj (malloc)
C:/Users/ferre/.pico-sdk/toolchain/13_3_Rel1/bin/../lib/gcc/arm-none-eabi/13.3.1/thumb/v8-m.main+fp/softfp\libg.a(libc_a-mallocr.o)
                              C:/Users/ferre/.pico-sdk/toolchain/13_3_Rel1/bin/../lib/gcc/arm-none-eabi/13.3.1/thumb/v8-m.main+fp/softfp\libg.a(libc_a-callocr.o) (_malloc_r)
C:/Users/ferre/.pico-sdk/toolchain/13_3_Rel1/bin/../lib/gcc/arm-none-eabi/13.3.1/thumb/v8-m.main+fp/softfp\libg.a(libc_a-mlock.o)
                              C:/Users/ferre/.pico-sdk/toolchain/13_3_Rel1/bin/../lib/gcc/arm-none-eabi/13.3.1/thumb/v8-m.main+fp/softfp\libg.a(libc_a-mallocr.o) (__malloc_lock)
C:/Users/ferre/.pico-sdk/toolchain/13_3_Rel1/bin/../lib/gcc/arm-none-eabi/13.3.1/thumb/v8-m.main+fp/softfp\libg.a(libc_a-realloc.o)
                              CMakeFiles/U4_Microcontroladores_GPIO_ATIVIDADE_2.dir/C_/Users/ferre/.pico-sdk/sdk/2.1.0/src/rp2_common/pico_malloc/malloc.c.obj (realloc)
C:/Users/ferre/.pico-sdk/toolchain/13_3_Rel1/bin/../lib/gcc/arm-none-eabi/13.3.1/thumb/v8-m.main+fp/softfp\libg.a(libc_a-reallocr.o)
                              C:/Users/ferre/.pico-sdk/toolchain/13_3_Rel1/bin/../lib/gcc/arm-none-eabi/13.3.1/thumb/v8-m.main+fp/softfp\libg.a(libc_a-realloc.o) (_realloc_r)
C:/Users/ferre/.pico-sdk/toolchain/13_3_Rel1/bin/../lib/gcc/arm-none-eabi/13.3.1/thumb/v8-m.main+fp/softfp\libg.a(libc_a-memcmp.o)
                              CMakeFiles/U4_Microcontroladores_GPIO_ATIVIDADE_2.dir/C_/Users/ferre/.pico-sdk/sdk/2.1.0/src/rp2_common/pico_atomic/atomic.c.obj (memcmp)
C:/Users/ferre/.pico-sdk/toolchain/13_3_Rel1/bin/../lib/gcc/arm-none-eabi/13.3.1/thumb/v8-m.main+fp/softfp\libg.a(libc_a-memmove.o)
                              C:/Users/ferre/.pico-sdk/toolchain/13_3_Rel1/bin/../lib/gcc/arm-none-eabi/13.3.1/thumb/v8-m.main+fp/softfp\libg.a(libc_a-reallocr.o) (memmove)
[...]
Memory Configuration

Name             Origin             Length             Attributes
FLASH            0x10000000         0x00400000         xr
RAM              0x20000000         0x00080000         xrw
SCRATCH_X        0x20080000         0x00001000         xrw
SCRATCH_Y        0x20081000         0x00001000         xrw
*default*        0x00000000         0xffffffff

Linker script and memory map

LOAD C:/Users/ferre/.pico-sdk/toolchain/13_3_Rel1/bin/../lib/gcc/arm-none-eabi/13.3.1/thumb/v8-m.main+fp/softfp/crti.o
LOAD C:/Users/ferre/.pico-sdk/toolchain/13_3_Rel1/bin/../lib/gcc/arm-none-eabi/13.3.1/thumb/v8-m.main+fp/softfp/crtbegin.o
LOAD C:/Users/ferre/.pico-sdk/toolchain/13_3_Rel1/bin/../lib/gcc/arm-none-eabi/13.3.1/thumb/v8-m.main+fp/softfp/crt0.o

.flash_begin    0x10000000        0x0
                0x10000000                        __flash_binary_start = .

.text           0x10000000     0x152c
                0x10000000                        __logical_binary_start = .
 *(.vectors)
 .vectors       0x10000000      0x124 CMakeFiles/U4_Microcontroladores_GPIO_ATIVIDADE_2.dir/C_/Users/ferre/.pico-sdk/sdk/2.1.0/src/rp2_common/pico_crt0/crt0.S.obj
                0x10000000                __VECTOR_TABLE
                0x10000000                __vectors
                0x10000110                __default_isrs_start
                0x10000110                isr_invalid
                0x10000112                isr_nmi
                0x10000114                isr_hardfault
                0x10000116                isr_svcall
                0x10000118                isr_pendsv
                0x1000011a                isr_systick
                0x1000011c                isr_irq31
                0x1000011c                isr_irq5
                0x1000011c                isr_irq11
                0x1000011c                isr_irq32
                0x1000011c                isr_irq23
                0x1000011c                isr_irq48
                0x1000011c                isr_irq35
                0x1000011c                isr_irq18
                0x1000011c                isr_irq50
                0x1000011c                isr_irq27
                0x1000011c                isr_irq40
                0x1000011c                isr_irq28
                0x1000011c                isr_irq19
                0x1000011c                isr_irq36
                0x1000011c                isr_irq41
                0x1000011c                isr_irq0
                0x1000011c                isr_irq6
                0x1000011c                isr_irq45
                0x1000011c                isr_irq12
                0x1000011c                isr_irq37
                0x1000011c                isr_irq42
                0x1000011c                isr_irq22
                0x1000011c                isr_irq43
                0x1000011c                isr_irq17
                0x1000011c                isr_irq38
                0x1000011c                isr_irq14
                0x1000011c                isr_irq13
                0x1000011c                isr_irq2
                0x1000011c                isr_irq10
                0x1000011c                isr_irq8
                0x1000011c                isr_irq24
                0x1000011c                isr_irq46
                0x1000011c                isr_irq1
                0x1000011c                isr_irq47
                0x1000011c                isr_irq51
                0x1000011c                isr_irq7
                0x1000011c                isr_irq21
                0x1000011c                isr_irq39
                0x1000011c                isr_irq20
                0x1000011c                isr_irq15
                0x1000011c                isr_irq25
                0x1000011c                isr_irq34
                0x1000011c                isr_irq49
                0x1000011c                __unhandled_user_irq
                0x1000011c                isr_irq4
                0x1000011c                isr_irq16
                0x1000011c                isr_irq44
                0x1000011c                isr_irq29
                0x1000011c                isr_irq26
                0x1000011c                __default_isrs_end
                0x1000011c                isr_irq33
                0x1000011c                isr_irq3
                0x1000011c                isr_irq30
                0x1000011c                isr_irq9
                0x10000122                unhandled_user_irq_num_in_r0
 *(.binary_info_header)
 .binary_info_header
                0x10000124       0x14 CMakeFiles/U4_Microcontroladores_GPIO_ATIVIDADE_2.dir/C_/Users/ferre/.pico-sdk/sdk/2.1.0/src/rp2_common/pico_crt0/crt0.S.obj
                0x10000138                        __binary_info_header_end = .
 *(.embedded_block)
 .embedded_block
                0x10000138       0x14 CMakeFiles/U4_Microcontroladores_GPIO_ATIVIDADE_2.dir/C_/Users/ferre/.pico-sdk/sdk/2.1.0/src/rp2_common/pico_crt0/crt0.S.obj
                0x1000014c                        __embedded_block_end = .
 *(.reset)
 .reset         0x1000014c       0xa0 CMakeFiles/U4_Microcontroladores_GPIO_ATIVIDADE_2.dir/C_/Users/ferre/.pico-sdk/sdk/2.1.0/src/rp2_common/pico_crt0/crt0.S.obj
                0x1000014c                _entry_point
 *(.init)
 .init          0x100001ec        0x4 C:/Users/ferre/.pico-sdk/toolchain/13_3_Rel1/bin/../lib/gcc/arm-none-eabi/13.3.1/thumb/v8-m.main+fp/softfp/crti.o
                0x100001ec                _init
 SORT_BY_NAME(REVERSE(*libgcc.a:cmse_nonsecure_call.o))()
 *(EXCLUDE_FILE(*libm.a: *libc.a:*lib_a-mem*.o *libgcc.a:) .text*)
 .text.register_tm_clones
                0x100001f0       0x28 C:/Users/ferre/.pico-sdk/toolchain/13_3_Rel1/bin/../lib/gcc/arm-none-eabi/13.3.1/thumb/v8-m.main+fp/softfp/crtbegin.o
 .text.frame_dummy
                0x10000218       0x24 C:/Users/ferre/.pico-sdk/toolchain/13_3_Rel1/bin/../lib/gcc/arm-none-eabi/13.3.1/thumb/v8-m.main+fp/softfp/crtbegin.o
 .text.init_gpio
                0x1000023c       0x38 CMakeFiles/U4_Microcontroladores_GPIO_ATIVIDADE_2.dir/main.c.obj
                0x1000023c                init_gpio
 .text.startup.main
                0x10000274       0xd0 CMakeFiles/U4_Microcontroladores_GPIO_ATIVIDADE_2.dir/main.c.obj
                0x10000274                main
 .text.gpio_init
                0x10000344       0x48 CMakeFiles/U4_Microcontroladores_GPIO_ATIVIDADE_2.dir/C_/Users/ferre/.pico-sdk/sdk/2.1.0/src/rp2_common/hardware_gpio/gpio.c.obj
                0x10000344                gpio_init
 .text.panic    0x1000038c       0x30 CMakeFiles/U4_Microcontroladores_GPIO_ATIVIDADE_2.dir/C_/Users/ferre/.pico-sdk/sdk/2.1.0/src/rp2_common/pico_platform_panic/panic.c.obj
                0x1000038c                panic
 .text.hw_claim_or_assert
                0x100003bc       0x58 CMakeFiles/U4_Microcontroladores_GPIO_ATIVIDADE_2.dir/C_/Users/ferre/.pico-sdk/sdk/2.1.0/src/common/hardware_claim/claim.c.obj
                0x100003bc                hw_claim_or_assert
 .text.next_striped_spin_lock_num
                0x10000414       0x18 CMakeFiles/U4_Microcontroladores_GPIO_ATIVIDADE_2.dir/C_/Users/ferre/.pico-sdk/sdk/2.1.0/src/rp2_common/hardware_sync/sync.c.obj
                0x10000414                next_striped_spin_lock_num
 .text.spinlock_set_extexclall
                0x1000042c       0x10 CMakeFiles/U4_Microcontroladores_GPIO_ATIVIDADE_2.dir/C_/Users/ferre/.pico-sdk/sdk/2.1.0/src/rp2_common/hardware_sync_spin_lock/sync_spin_lock.c.obj
 .text.spin_locks_reset
                0x1000043c       0x18 CMakeFiles/U4_Microcontroladores_GPIO_ATIVIDADE_2.dir/C_/Users/ferre/.pico-sdk/sdk/2.1.0/src/rp2_common/hardware_sync_spin_lock/sync_spin_lock.c.obj
                0x1000043c                spin_locks_reset
 .text.runtime_init_per_core_irq_priorities
                0x10000454       0x40 CMakeFiles/U4_Microcontroladores_GPIO_ATIVIDADE_2.dir/C_/Users/ferre/.pico-sdk/sdk/2.1.0/src/rp2_common/hardware_irq/irq.c.obj
                0x10000454                runtime_init_per_core_irq_priorities
 .text.irq_set_enabled
                0x10000494       0x2c CMakeFiles/U4_Microcontroladores_GPIO_ATIVIDADE_2.dir/C_/Users/ferre/.pico-sdk/sdk/2.1.0/src/rp2_common/hardware_irq/irq.c.obj
                0x10000494                irq_set_enabled
 .text.irq_set_exclusive_handler
                0x100004c0       0x60 CMakeFiles/U4_Microcontroladores_GPIO_ATIVIDADE_2.dir/C_/Users/ferre/.pico-sdk/sdk/2.1.0/src/rp2_common/hardware_irq/irq.c.obj
                0x100004c0                irq_set_exclusive_handler
 .text.lock_init
                0x10000520        0xc CMakeFiles/U4_Microcontroladores_GPIO_ATIVIDADE_2.dir/C_/Users/ferre/.pico-sdk/sdk/2.1.0/src/common/pico_sync/lock_core.c.obj
                0x10000520                lock_init
 .text.runtime_init_mutex
                0x1000052c       0x4c CMakeFiles/U4_Microcontroladores_GPIO_ATIVIDADE_2.dir/C_/Users/ferre/.pico-sdk/sdk/2.1.0/src/common/pico_sync/mutex.c.obj
                0x1000052c                runtime_init_mutex
 .text.sleep_until_callback
                0x10000578       0x3c CMakeFiles/U4_Microcontroladores_GPIO_ATIVIDADE_2.dir/C_/Users/ferre/.pico-sdk/sdk/2.1.0/src/common/pico_time/time.c.obj
 *fill*         0x100005b4        0x4 
 .text.alarm_pool_irq_handler
                0x100005b8      0x2e0 CMakeFiles/U4_Microcontroladores_GPIO_ATIVIDADE_2.dir/C_/Users/ferre/.pico-sdk/sdk/2.1.0/src/common/pico_time/time.c.obj
 .text.runtime_init_default_alarm_pool
                0x10000898      0x100 CMakeFiles/U4_Microcontroladores_GPIO_ATIVIDADE_2.dir/C_/Users/ferre/.pico-sdk/sdk/2.1.0/src/common/pico_time/time.c.obj
                0x10000898                runtime_init_default_alarm_pool
 .text.alarm_pool_add_alarm_at_force_in_context
                0x10000998       0xc8 CMakeFiles/U4_Microcontroladores_GPIO_ATIVIDADE_2.dir/C_/Users/ferre/.pico-sdk/sdk/2.1.0/src/common/pico_time/time.c.obj
                0x10000998                alarm_pool_add_alarm_at_force_in_context
 .text.alarm_pool_cancel_alarm
                0x10000a60       0x80 CMakeFiles/U4_Microcontroladores_GPIO_ATIVIDADE_2.dir/C_/Users/ferre/.pico-sdk/sdk/2.1.0/src/common/pico_time/time.c.obj
                0x10000a60                alarm_pool_cancel_alarm
 .text.sleep_until
                0x10000ae0       0xbc CMakeFiles/U4_Microcontroladores_GPIO_ATIVIDADE_2.dir/C_/Users/ferre/.pico-sdk/sdk/2.1.0/src/common/pico_time/time.c.obj
                0x10000ae0                sleep_until
 .text.sleep_ms
                0x10000b9c       0x2c CMakeFiles/U4_Microcontroladores_GPIO_ATIVIDADE_2.dir/C_/Users/ferre/.pico-sdk/sdk/2.1.0/src/common/pico_time/time.c.obj
                0x10000b9c                sleep_ms
 .text.best_effort_wfe_or_timeout
                0x10000bc8       0xb0 CMakeFiles/U4_Microcontroladores_GPIO_ATIVIDADE_2.dir/C_/Users/ferre/.pico-sdk/sdk/2.1.0/src/common/pico_time/time.c.obj
                0x10000bc8                best_effort_wfe_or_timeout
 .text.timer_hardware_alarm_claim
                0x10000c78       0x24 CMakeFiles/U4_Microcontroladores_GPIO_ATIVIDADE_2.dir/C_/Users/ferre/.pico-sdk/sdk/2.1.0/src/rp2_common/hardware_timer/timer.c.obj
                0x10000c78                timer_hardware_alarm_claim
 .text.timer_time_us_64
                0x10000c9c       0x10 CMakeFiles/U4_Microcontroladores_GPIO_ATIVIDADE_2.dir/C_/Users/ferre/.pico-sdk/sdk/2.1.0/src/rp2_common/hardware_timer/timer.c.obj
                0x10000c9c                timer_time_us_64
 .text.time_us_64
                0x10000cac       0x14 CMakeFiles/U4_Microcontroladores_GPIO_ATIVIDADE_2.dir/C_/Users/ferre/.pico-sdk/sdk/2.1.0/src/rp2_common/hardware_timer/timer.c.obj
                0x10000cac                time_us_64
 .text.busy_wait_until
                0x10000cc0       0x24 CMakeFiles/U4_Microcontroladores_GPIO_ATIVIDADE_2.dir/C_/Users/ferre/.pico-sdk/sdk/2.1.0/src/rp2_common/hardware_timer/timer.c.obj
                0x10000cc0                busy_wait_until
 .text.clock_configure_undivided
                0x10000ce4       0xd0 CMakeFiles/U4_Microcontroladores_GPIO_ATIVIDADE_2.dir/C_/Users/ferre/.pico-sdk/sdk/2.1.0/src/rp2_common/hardware_clocks/clocks.c.obj
                0x10000ce4                clock_configure_undivided
 .text.clock_get_hz
                0x10000db4        0xc CMakeFiles/U4_Microcontroladores_GPIO_ATIVIDADE_2.dir/C_/Users/ferre/.pico-sdk/sdk/2.1.0/src/rp2_common/hardware_clocks/clocks.c.obj
                0x10000db4                clock_get_hz
 .text.pll_init
                0x10000dc0       0x8c CMakeFiles/U4_Microcontroladores_GPIO_ATIVIDADE_2.dir/C_/Users/ferre/.pico-sdk/sdk/2.1.0/src/rp2_common/hardware_pll/pll.c.obj
                0x10000dc0                pll_init
 .text.tick_start
                0x10000e4c       0x18 CMakeFiles/U4_Microcontroladores_GPIO_ATIVIDADE_2.dir/C_/Users/ferre/.pico-sdk/sdk/2.1.0/src/rp2_common/hardware_ticks/ticks.c.obj
                0x10000e4c                tick_start
 .text.rom_func_lookup
                0x10000e64       0x18 CMakeFiles/U4_Microcontroladores_GPIO_ATIVIDADE_2.dir/C_/Users/ferre/.pico-sdk/sdk/2.1.0/src/rp2_common/pico_bootrom/bootrom.c.obj
                0x10000e64                rom_func_lookup
 .text.runtime_init_bootrom_locking_enable
                0x10000e7c       0x14 CMakeFiles/U4_Microcontroladores_GPIO_ATIVIDADE_2.dir/C_/Users/ferre/.pico-sdk/sdk/2.1.0/src/rp2_common/pico_bootrom/bootrom_lock.c.obj
                0x10000e7c                runtime_init_bootrom_locking_enable
 .text.runtime_init_boot_locks_reset
                0x10000e90       0x1c CMakeFiles/U4_Microcontroladores_GPIO_ATIVIDADE_2.dir/C_/Users/ferre/.pico-sdk/sdk/2.1.0/src/rp2_common/hardware_boot_lock/boot_lock.c.obj
                0x10000e90                runtime_init_boot_locks_reset
 .text.xosc_init
                0x10000eac       0x2c CMakeFiles/U4_Microcontroladores_GPIO_ATIVIDADE_2.dir/C_/Users/ferre/.pico-sdk/sdk/2.1.0/src/rp2_common/hardware_xosc/xosc.c.obj
                0x10000eac                xosc_init
 .text.first_per_core_initializer
                0x10000ed8        0x4 CMakeFiles/U4_Microcontroladores_GPIO_ATIVIDADE_2.dir/C_/Users/ferre/.pico-sdk/sdk/2.1.0/src/rp2_common/pico_runtime/runtime.c.obj
 .text.hard_assertion_failure
                0x10000edc        0xc CMakeFiles/U4_Microcontroladores_GPIO_ATIVIDADE_2.dir/C_/Users/ferre/.pico-sdk/sdk/2.1.0/src/rp2_common/pico_runtime/runtime.c.obj
                0x10000edc                hard_assertion_failure
 .text.runtime_run_initializers
                0x10000ee8       0x20 CMakeFiles/U4_Microcontroladores_GPIO_ATIVIDADE_2.dir/C_/Users/ferre/.pico-sdk/sdk/2.1.0/src/rp2_common/pico_runtime/runtime.c.obj
                0x10000ee8                runtime_run_initializers
 .text.runtime_init_early_resets
                0x10000f08       0x34 CMakeFiles/U4_Microcontroladores_GPIO_ATIVIDADE_2.dir/C_/Users/ferre/.pico-sdk/sdk/2.1.0/src/rp2_common/pico_runtime_init/runtime_init.c.obj
                0x10000f08                runtime_init_early_resets
 .text.runtime_init_usb_power_down
                0x10000f3c       0x1c CMakeFiles/U4_Microcontroladores_GPIO_ATIVIDADE_2.dir/C_/Users/ferre/.pico-sdk/sdk/2.1.0/src/rp2_common/pico_runtime_init/runtime_init.c.obj
                0x10000f3c                runtime_init_usb_power_down
 .text.runtime_init_per_core_enable_coprocessors
                0x10000f58       0x1c CMakeFiles/U4_Microcontroladores_GPIO_ATIVIDADE_2.dir/C_/Users/ferre/.pico-sdk/sdk/2.1.0/src/rp2_common/pico_runtime_init/runtime_init.c.obj
                0x10000f58                runtime_init_per_core_enable_coprocessors
 .text.runtime_init_post_clock_resets
                0x10000f74       0x20 CMakeFiles/U4_Microcontroladores_GPIO_ATIVIDADE_2.dir/C_/Users/ferre/.pico-sdk/sdk/2.1.0/src/rp2_common/pico_runtime_init/runtime_init.c.obj
                0x10000f74                runtime_init_post_clock_resets
 .text.runtime_init_bootrom_reset
                0x10000f94       0x14 CMakeFiles/U4_Microcontroladores_GPIO_ATIVIDADE_2.dir/C_/Users/ferre/.pico-sdk/sdk/2.1.0/src/rp2_common/pico_runtime_init/runtime_init.c.obj
                0x10000f94                runtime_init_bootrom_reset
 .text.runtime_init_per_core_bootrom_reset
                0x10000fa8       0x14 CMakeFiles/U4_Microcontroladores_GPIO_ATIVIDADE_2.dir/C_/Users/ferre/.pico-sdk/sdk/2.1.0/src/rp2_common/pico_runtime_init/runtime_init.c.obj
                0x10000fa8                runtime_init_per_core_bootrom_reset
 .text.runtime_init_spin_locks_reset
                0x10000fbc        0x4 CMakeFiles/U4_Microcontroladores_GPIO_ATIVIDADE_2.dir/C_/Users/ferre/.pico-sdk/sdk/2.1.0/src/rp2_common/pico_runtime_init/runtime_init.c.obj
                0x10000fbc                runtime_init_spin_locks_reset
 .text.runtime_init_install_ram_vector_table
                0x10000fc0       0x20 CMakeFiles/U4_Microcontroladores_GPIO_ATIVIDADE_2.dir/C_/Users/ferre/.pico-sdk/sdk/2.1.0/src/rp2_common/pico_runtime_init/runtime_init.c.obj
                0x10000fc0                runtime_init_install_ram_vector_table
 .text.runtime_init_clocks
                0x10000fe0       0xdc CMakeFiles/U4_Microcontroladores_GPIO_ATIVIDADE_2.dir/C_/Users/ferre/.pico-sdk/sdk/2.1.0/src/rp2_common/pico_runtime_init/runtime_init_clocks.c.obj
                0x10000fe0                runtime_init_clocks
 .text._out_char
                0x100010bc        0x8 CMakeFiles/U4_Microcontroladores_GPIO_ATIVIDADE_2.dir/C_/Users/ferre/.pico-sdk/sdk/2.1.0/src/rp2_common/pico_printf/printf.c.obj
 .text.weak_raw_vprintf
                0x100010c4       0x30 CMakeFiles/U4_Microcontroladores_GPIO_ATIVIDADE_2.dir/C_/Users/ferre/.pico-sdk/sdk/2.1.0/src/rp2_common/pico_printf/printf.c.obj
                0x100010c4                weak_raw_vprintf
 .text._exit    0x100010f4        0x4 CMakeFiles/U4_Microcontroladores_GPIO_ATIVIDADE_2.dir/C_/Users/ferre/.pico-sdk/sdk/2.1.0/src/rp2_common/pico_clib_interface/newlib_interface.c.obj
                0x100010f4                _exit
 .text.exit     0x100010f8        0x8 CMakeFiles/U4_Microcontroladores_GPIO_ATIVIDADE_2.dir/C_/Users/ferre/.pico-sdk/sdk/2.1.0/src/rp2_common/pico_clib_interface/newlib_interface.c.obj
                0x100010f8                exit
 .text.runtime_init
                0x10001100       0x24 CMakeFiles/U4_Microcontroladores_GPIO_ATIVIDADE_2.dir/C_/Users/ferre/.pico-sdk/sdk/2.1.0/src/rp2_common/pico_clib_interface/newlib_interface.c.obj
                0x10001100                runtime_init
 .text.stdio_out_chars_no_crlf
                0x10001124        0x8 CMakeFiles/U4_Microcontroladores_GPIO_ATIVIDADE_2.dir/C_/Users/ferre/.pico-sdk/sdk/2.1.0/src/rp2_common/pico_stdio/stdio.c.obj
 .text.stdio_out_chars_crlf
                0x1000112c       0xac CMakeFiles/U4_Microcontroladores_GPIO_ATIVIDADE_2.dir/C_/Users/ferre/.pico-sdk/sdk/2.1.0/src/rp2_common/pico_stdio/stdio.c.obj
 .text.stdio_put_string
                0x100011d8       0xf0 CMakeFiles/U4_Microcontroladores_GPIO_ATIVIDADE_2.dir/C_/Users/ferre/.pico-sdk/sdk/2.1.0/src/rp2_common/pico_stdio/stdio.c.obj
                0x100011d8                stdio_put_string
 .text.__wrap_putchar
                0x100012c8       0x84 CMakeFiles/U4_Microcontroladores_GPIO_ATIVIDADE_2.dir/C_/Users/ferre/.pico-sdk/sdk/2.1.0/src/rp2_common/pico_stdio/stdio.c.obj
                0x100012c8                __wrap_putchar
                0x100012c8                stdio_putchar
 .text.__wrap_puts
                0x1000134c       0x3c CMakeFiles/U4_Microcontroladores_GPIO_ATIVIDADE_2.dir/C_/Users/ferre/.pico-sdk/sdk/2.1.0/src/rp2_common/pico_stdio/stdio.c.obj
                0x1000134c                stdio_puts
                0x1000134c                __wrap_puts
 .text          0x10001388       0xec C:/Users/ferre/.pico-sdk/toolchain/13_3_Rel1/bin/../lib/gcc/arm-none-eabi/13.3.1/thumb/v8-m.main+fp/softfp\libg.a(libc_a-memcpy.o)
                0x10001388                memcpy
 .text.strlen   0x10001474       0x5c C:/Users/ferre/.pico-sdk/toolchain/13_3_Rel1/bin/../lib/gcc/arm-none-eabi/13.3.1/thumb/v8-m.main+fp/softfp\libg.a(libc_a-strlen-stub.o)
                0x10001474                strlen
 *(.fini)
 .fini          0x100014d0        0x4 C:/Users/ferre/.pico-sdk/toolchain/13_3_Rel1/bin/../lib/gcc/arm-none-eabi/13.3.1/thumb/v8-m.main+fp/softfp/crti.o
                0x100014d0                _fini
 *fill*         0x100014d4        0x4 
 .fini.__stub   0x100014d8       0x10 linker stubs
 *crtbegin.o(.ctors)
 *crtbegin?.o(.ctors)
 *(EXCLUDE_FILE(*crtend.o *crtend?.o) .ctors)
 *(SORT_BY_NAME(.ctors.*))
 *(.ctors)
 *crtbegin.o(.dtors)
 *crtbegin?.o(.dtors)
 *(EXCLUDE_FILE(*crtend.o *crtend?.o) .dtors)
 *(SORT_BY_NAME(.dtors.*))
 *(.dtors)
                0x100014e8                        . = ALIGN (0x4)
                0x100014e8                        PROVIDE (__preinit_array_start = .)
 *(SORT_BY_NAME(.preinit_array.*))
 .preinit_array.00050
                0x100014e8        0x4 CMakeFiles/U4_Microcontroladores_GPIO_ATIVIDADE_2.dir/C_/Users/ferre/.pico-sdk/sdk/2.1.0/src/rp2_common/pico_runtime_init/runtime_init.c.obj
                0x100014e8                __pre_init_runtime_init_bootrom_reset
 .preinit_array.00100
                0x100014ec        0x4 CMakeFiles/U4_Microcontroladores_GPIO_ATIVIDADE_2.dir/C_/Users/ferre/.pico-sdk/sdk/2.1.0/src/rp2_common/pico_runtime_init/runtime_init.c.obj
                0x100014ec                __pre_init_runtime_init_early_resets
 .preinit_array.00101
                0x100014f0        0x4 CMakeFiles/U4_Microcontroladores_GPIO_ATIVIDADE_2.dir/C_/Users/ferre/.pico-sdk/sdk/2.1.0/src/rp2_common/pico_runtime_init/runtime_init.c.obj
                0x100014f0                __pre_init_runtime_init_usb_power_down
 .preinit_array.00500
                0x100014f4        0x4 CMakeFiles/U4_Microcontroladores_GPIO_ATIVIDADE_2.dir/C_/Users/ferre/.pico-sdk/sdk/2.1.0/src/rp2_common/pico_runtime_init/runtime_init.c.obj
                0x100014f4                __pre_init_runtime_init_clocks
 .preinit_array.00600
                0x100014f8        0x4 CMakeFiles/U4_Microcontroladores_GPIO_ATIVIDADE_2.dir/C_/Users/ferre/.pico-sdk/sdk/2.1.0/src/rp2_common/pico_runtime_init/runtime_init.c.obj
                0x100014f8                __pre_init_runtime_init_post_clock_resets
 .preinit_array.01000
                0x100014fc        0x4 CMakeFiles/U4_Microcontroladores_GPIO_ATIVIDADE_2.dir/C_/Users/ferre/.pico-sdk/sdk/2.1.0/src/rp2_common/hardware_boot_lock/boot_lock.c.obj
                0x100014fc                __pre_init_runtime_init_boot_locks_reset
 .preinit_array.01000
                0x10001500        0x4 CMakeFiles/U4_Microcontroladores_GPIO_ATIVIDADE_2.dir/C_/Users/ferre/.pico-sdk/sdk/2.1.0/src/rp2_common/pico_runtime_init/runtime_init.c.obj
                0x10001500                __pre_init_runtime_init_spin_locks_reset
 .preinit_array.01010
                0x10001504        0x4 CMakeFiles/U4_Microcontroladores_GPIO_ATIVIDADE_2.dir/C_/Users/ferre/.pico-sdk/sdk/2.1.0/src/rp2_common/pico_bootrom/bootrom_lock.c.obj
                0x10001504                __pre_init_runtime_init_bootrom_locking_enable
 .preinit_array.01100
                0x10001508        0x4 CMakeFiles/U4_Microcontroladores_GPIO_ATIVIDADE_2.dir/C_/Users/ferre/.pico-sdk/sdk/2.1.0/src/common/pico_sync/mutex.c.obj
                0x10001508                __pre_init_runtime_init_mutex
 .preinit_array.10080
                0x1000150c        0x4 CMakeFiles/U4_Microcontroladores_GPIO_ATIVIDADE_2.dir/C_/Users/ferre/.pico-sdk/sdk/2.1.0/src/rp2_common/pico_runtime_init/runtime_init.c.obj
                0x1000150c                __pre_init_runtime_init_install_ram_vector_table
 .preinit_array.11000
                0x10001510        0x4 CMakeFiles/U4_Microcontroladores_GPIO_ATIVIDADE_2.dir/C_/Users/ferre/.pico-sdk/sdk/2.1.0/src/common/pico_time/time.c.obj
                0x10001510                __pre_init_runtime_init_default_alarm_pool
 .preinit_array.YYYYY
                0x10001514        0x4 CMakeFiles/U4_Microcontroladores_GPIO_ATIVIDADE_2.dir/C_/Users/ferre/.pico-sdk/sdk/2.1.0/src/rp2_common/pico_runtime/runtime.c.obj
                0x10001514                __pre_init_first_per_core_initializer
 .preinit_array.ZZZZZ.00051
                0x10001518        0x4 CMakeFiles/U4_Microcontroladores_GPIO_ATIVIDADE_2.dir/C_/Users/ferre/.pico-sdk/sdk/2.1.0/src/rp2_common/pico_runtime_init/runtime_init.c.obj
                0x10001518                __pre_init_runtime_init_per_core_bootrom_reset
 .preinit_array.ZZZZZ.00200
                0x1000151c        0x4 CMakeFiles/U4_Microcontroladores_GPIO_ATIVIDADE_2.dir/C_/Users/ferre/.pico-sdk/sdk/2.1.0/src/rp2_common/pico_runtime_init/runtime_init.c.obj
                0x1000151c                __pre_init_runtime_init_per_core_enable_coprocessors
 .preinit_array.ZZZZZ.01000
                0x10001520        0x4 CMakeFiles/U4_Microcontroladores_GPIO_ATIVIDADE_2.dir/C_/Users/ferre/.pico-sdk/sdk/2.1.0/src/rp2_common/hardware_sync_spin_lock/sync_spin_lock.c.obj
                0x10001520                __pre_init_spinlock_set_extexclall
 .preinit_array.ZZZZZ.01200
                0x10001524        0x4 CMakeFiles/U4_Microcontroladores_GPIO_ATIVIDADE_2.dir/C_/Users/ferre/.pico-sdk/sdk/2.1.0/src/rp2_common/hardware_irq/irq.c.obj
                0x10001524                __pre_init_runtime_init_per_core_irq_priorities
 *(.preinit_array)
                0x10001528                        PROVIDE (__preinit_array_end = .)
                0x10001528                        . = ALIGN (0x4)
                0x10001528                        PROVIDE (__init_array_start = .)
 *(SORT_BY_NAME(.init_array.*))
 *(.init_array)
 .init_array    0x10001528        0x4 C:/Users/ferre/.pico-sdk/toolchain/13_3_Rel1/bin/../lib/gcc/arm-none-eabi/13.3.1/thumb/v8-m.main+fp/softfp/crtbegin.o
                0x1000152c                        PROVIDE (__init_array_end = .)
                0x1000152c                        . = ALIGN (0x4)
                [!provide]                        PROVIDE (__fini_array_start = .)
 *(SORT_BY_NAME(.fini_array.*))
 *(.fini_array)
                [!provide]                        PROVIDE (__fini_array_end = .)
 *(.eh_frame*)
 .eh_frame      0x1000152c        0x0 C:/Users/ferre/.pico-sdk/toolchain/13_3_Rel1/bin/../lib/gcc/arm-none-eabi/13.3.1/thumb/v8-m.main+fp/softfp/crtbegin.o
                0x1000152c                        . = ALIGN (0x4)

.glue_7         0x1000152c        0x0
 .glue_7        0x1000152c        0x0 linker stubs

.glue_7t        0x1000152c        0x0
 .glue_7t       0x1000152c        0x0 linker stubs

.vfp11_veneer   0x1000152c        0x0
 .vfp11_veneer  0x1000152c        0x0 linker stubs

.v4_bx          0x1000152c        0x0
 .v4_bx         0x1000152c        0x0 linker stubs

.iplt           0x1000152c        0x0
 .iplt          0x1000152c        0x0 C:/Users/ferre/.pico-sdk/toolchain/13_3_Rel1/bin/../lib/gcc/arm-none-eabi/13.3.1/thumb/v8-m.main+fp/softfp/crtbegin.o

.boot2          0x1000152c        0x0
                0x1000152c                        __boot2_start__ = .
 *(.boot2)
                0x1000152c                        __boot2_end__ = .
                0x00000001                        ASSERT (((__boot2_end__ - __boot2_start__) <= 0x100), ERROR: Pico second stage bootloader must be no more than 256 bytes in size)

.rodata         0x1000152c      0x108
 *(EXCLUDE_FILE(*libm.a: *libc.a:*lib_a-mem*.o *libgcc.a:) .rodata*)
 .rodata.panic.str1.4
                0x1000152c       0xa4 CMakeFiles/U4_Microcontroladores_GPIO_ATIVIDADE_2.dir/C_/Users/ferre/.pico-sdk/sdk/2.1.0/src/rp2_common/pico_platform_panic/panic.c.obj
                                 0x12 (size before relaxing)
 .rodata.timer_hardware_alarm_claim.str1.4
                0x100015d0       0x22 CMakeFiles/U4_Microcontroladores_GPIO_ATIVIDADE_2.dir/C_/Users/ferre/.pico-sdk/sdk/2.1.0/src/rp2_common/hardware_timer/timer.c.obj
 .rodata.hard_assertion_failure.str1.4
                0x100015d0        0xc CMakeFiles/U4_Microcontroladores_GPIO_ATIVIDADE_2.dir/C_/Users/ferre/.pico-sdk/sdk/2.1.0/src/rp2_common/pico_runtime/runtime.c.obj
 .rodata.str1.4
                0x100015d0       0x60 CMakeFiles/U4_Microcontroladores_GPIO_ATIVIDADE_2.dir/C_/Users/ferre/.pico-sdk/sdk/2.1.0/src/rp2_common/pico_standard_binary_info/standard_binary_info.c.obj
 .rodata.__bi_84
                0x100015d0        0xc CMakeFiles/U4_Microcontroladores_GPIO_ATIVIDADE_2.dir/C_/Users/ferre/.pico-sdk/sdk/2.1.0/src/rp2_common/pico_standard_binary_info/standard_binary_info.c.obj
 .rodata.__bi_78
                0x100015dc        0xc CMakeFiles/U4_Microcontroladores_GPIO_ATIVIDADE_2.dir/C_/Users/ferre/.pico-sdk/sdk/2.1.0/src/rp2_common/pico_standard_binary_info/standard_binary_info.c.obj
 .rodata.__bi_60
                0x100015e8        0xc CMakeFiles/U4_Microcontroladores_GPIO_ATIVIDADE_2.dir/C_/Users/ferre/.pico-sdk/sdk/2.1.0/src/rp2_common/pico_standard_binary_info/standard_binary_info.c.obj
 .rodata.__bi_54
                0x100015f4        0xc CMakeFiles/U4_Microcontroladores_GPIO_ATIVIDADE_2.dir/C_/Users/ferre/.pico-sdk/sdk/2.1.0/src/rp2_common/pico_standard_binary_info/standard_binary_info.c.obj
 .rodata.__bi_48
                0x10001600        0xc CMakeFiles/U4_Microcontroladores_GPIO_ATIVIDADE_2.dir/C_/Users/ferre/.pico-sdk/sdk/2.1.0/src/rp2_common/pico_standard_binary_info/standard_binary_info.c.obj
 .rodata.__bi_42
                0x1000160c        0xc CMakeFiles/U4_Microcontroladores_GPIO_ATIVIDADE_2.dir/C_/Users/ferre/.pico-sdk/sdk/2.1.0/src/rp2_common/pico_standard_binary_info/standard_binary_info.c.obj
 .rodata.__bi_34
                0x10001618        0xc CMakeFiles/U4_Microcontroladores_GPIO_ATIVIDADE_2.dir/C_/Users/ferre/.pico-sdk/sdk/2.1.0/src/rp2_common/pico_standard_binary_info/standard_binary_info.c.obj
 .rodata.__bi_26
                0x10001624        0xc CMakeFiles/U4_Microcontroladores_GPIO_ATIVIDADE_2.dir/C_/Users/ferre/.pico-sdk/sdk/2.1.0/src/rp2_common/pico_standard_binary_info/standard_binary_info.c.obj
 .rodata.crlf_str.0
                0x10001630        0x2 CMakeFiles/U4_Microcontroladores_GPIO_ATIVIDADE_2.dir/C_/Users/ferre/.pico-sdk/sdk/2.1.0/src/rp2_common/pico_stdio/stdio.c.obj
 *(.srodata*)
                0x10001634                        . = ALIGN (0x4)
 *fill*         0x10001632        0x2 
 *(SORT_BY_ALIGNMENT(SORT_BY_NAME(.flashdata*)))
                0x10001634                        . = ALIGN (0x4)

.ARM.extab
 *(.ARM.extab* .gnu.linkonce.armextab.*)
                0x10001634                        __exidx_start = .

.ARM.exidx      0x10001634        0x8
 *(.ARM.exidx* .gnu.linkonce.armexidx.*)
 .ARM.exidx     0x10001634        0x8 C:/Users/ferre/.pico-sdk/toolchain/13_3_Rel1/bin/../lib/gcc/arm-none-eabi/13.3.1/thumb/v8-m.main+fp/softfp\libg.a(libc_a-memcpy.o)
                0x1000163c                        __exidx_end = .
                0x1000163c                        . = ALIGN (0x4)
                0x1000163c                        __binary_info_start = .

.binary_info    0x1000163c       0x20
 *(.binary_info.keep.*)
 .binary_info.keep.__bi_ptr84
                0x1000163c        0x4 CMakeFiles/U4_Microcontroladores_GPIO_ATIVIDADE_2.dir/C_/Users/ferre/.pico-sdk/sdk/2.1.0/src/rp2_common/pico_standard_binary_info/standard_binary_info.c.obj
 .binary_info.keep.__bi_ptr78
                0x10001640        0x4 CMakeFiles/U4_Microcontroladores_GPIO_ATIVIDADE_2.dir/C_/Users/ferre/.pico-sdk/sdk/2.1.0/src/rp2_common/pico_standard_binary_info/standard_binary_info.c.obj
 .binary_info.keep.__bi_ptr60
                0x10001644        0x4 CMakeFiles/U4_Microcontroladores_GPIO_ATIVIDADE_2.dir/C_/Users/ferre/.pico-sdk/sdk/2.1.0/src/rp2_common/pico_standard_binary_info/standard_binary_info.c.obj
 .binary_info.keep.__bi_ptr54
                0x10001648        0x4 CMakeFiles/U4_Microcontroladores_GPIO_ATIVIDADE_2.dir/C_/Users/ferre/.pico-sdk/sdk/2.1.0/src/rp2_common/pico_standard_binary_info/standard_binary_info.c.obj
 .binary_info.keep.__bi_ptr48
                0x1000164c        0x4 CMakeFiles/U4_Microcontroladores_GPIO_ATIVIDADE_2.dir/C_/Users/ferre/.pico-sdk/sdk/2.1.0/src/rp2_common/pico_standard_binary_info/standard_binary_info.c.obj
 .binary_info.keep.__bi_ptr42
                0x10001650        0x4 CMakeFiles/U4_Microcontroladores_GPIO_ATIVIDADE_2.dir/C_/Users/ferre/.pico-sdk/sdk/2.1.0/src/rp2_common/pico_standard_binary_info/standard_binary_info.c.obj
 .binary_info.keep.__bi_ptr34
                0x10001654        0x4 CMakeFiles/U4_Microcontroladores_GPIO_ATIVIDADE_2.dir/C_/Users/ferre/.pico-sdk/sdk/2.1.0/src/rp2_common/pico_standard_binary_info/standard_binary_info.c.obj
 .binary_info.keep.__bi_ptr26
                0x10001658        0x4 CMakeFiles/U4_Microcontroladores_GPIO_ATIVIDADE_2.dir/C_/Users/ferre/.pico-sdk/sdk/2.1.0/src/rp2_common/pico_standard_binary_info/standard_binary_info.c.obj
 *(.binary_info.*)
                0x1000165c                        __binary_info_end = .
                0x1000165c                        . = ALIGN (0x4)

.ram_vector_table
                0x20000000      0x110
 *(.ram_vector_table)
 .ram_vector_table
                0x20000000      0x110 CMakeFiles/U4_Microcontroladores_GPIO_ATIVIDADE_2.dir/C_/Users/ferre/.pico-sdk/sdk/2.1.0/src/rp2_common/pico_runtime_init/runtime_init.c.obj
                0x20000000                ram_vector_table

.uninitialized_data
                0x20000110        0x0
                0x20000110                        . = ALIGN (0x4)
 *(.uninitialized_data*)

.data           0x20000110      0x144 load address 0x1000165c
                0x20000110                        __data_start__ = .
 *(vtable)
 *(.time_critical*)
 .time_critical.mutex_enter_block_until
                0x20000110       0x70 CMakeFiles/U4_Microcontroladores_GPIO_ATIVIDADE_2.dir/C_/Users/ferre/.pico-sdk/sdk/2.1.0/src/common/pico_sync/mutex.c.obj
                0x20000110                mutex_enter_block_until
 .time_critical.mutex_try_enter_block_until
                0x20000180       0x6c CMakeFiles/U4_Microcontroladores_GPIO_ATIVIDADE_2.dir/C_/Users/ferre/.pico-sdk/sdk/2.1.0/src/common/pico_sync/mutex.c.obj
                0x20000180                mutex_try_enter_block_until
 .time_critical.mutex_exit
                0x200001ec       0x3c CMakeFiles/U4_Microcontroladores_GPIO_ATIVIDADE_2.dir/C_/Users/ferre/.pico-sdk/sdk/2.1.0/src/common/pico_sync/mutex.c.obj
                0x200001ec                mutex_exit
 .time_critical.mutex_exit.__stub
                0x20000228        0x8 linker stubs
 *(.text*)
                0x20000230                        . = ALIGN (0x4)
 *(.rodata*)
                0x20000230                        . = ALIGN (0x4)
 *(.data*)
 .data.striped_spin_lock_num
                0x20000230        0x1 CMakeFiles/U4_Microcontroladores_GPIO_ATIVIDADE_2.dir/C_/Users/ferre/.pico-sdk/sdk/2.1.0/src/rp2_common/hardware_sync/sync.c.obj
 *fill*         0x20000231        0x3 
 .data.default_alarm_pool
                0x20000234       0x18 CMakeFiles/U4_Microcontroladores_GPIO_ATIVIDADE_2.dir/C_/Users/ferre/.pico-sdk/sdk/2.1.0/src/common/pico_time/time.c.obj
 *(.sdata*)
                0x2000024c                        . = ALIGN (0x4)
 *(.after_data.*)
                0x2000024c                        . = ALIGN (0x4)
                0x2000024c                        PROVIDE (__mutex_array_start = .)
 *(SORT_BY_NAME(.mutex_array.*))
 *(.mutex_array)
 .mutex_array   0x2000024c        0x8 CMakeFiles/U4_Microcontroladores_GPIO_ATIVIDADE_2.dir/C_/Users/ferre/.pico-sdk/sdk/2.1.0/src/rp2_common/pico_stdio/stdio.c.obj
                0x20000254                        PROVIDE (__mutex_array_end = .)
 *(.jcr)
                0x20000254                        . = ALIGN (0x4)

.tm_clone_table
                0x20000254        0x0 load address 0x100017a0
 .tm_clone_table
                0x20000254        0x0 C:/Users/ferre/.pico-sdk/toolchain/13_3_Rel1/bin/../lib/gcc/arm-none-eabi/13.3.1/thumb/v8-m.main+fp/softfp/crtbegin.o
 .tm_clone_table
                0x20000254        0x0 C:/Users/ferre/.pico-sdk/toolchain/13_3_Rel1/bin/../lib/gcc/arm-none-eabi/13.3.1/thumb/v8-m.main+fp/softfp/crtend.o

.igot.plt       0x20000254        0x0 load address 0x100017a0
 .igot.plt      0x20000254        0x0 C:/Users/ferre/.pico-sdk/toolchain/13_3_Rel1/bin/../lib/gcc/arm-none-eabi/13.3.1/thumb/v8-m.main+fp/softfp/crtbegin.o

.tdata          0x20000254        0x0 load address 0x100017a0
                0x20000254                        . = ALIGN (0x4)
 *(.tdata .tdata.* .gnu.linkonce.td.*)
                0x20000254                        __tdata_end = .
                0x20000254                        PROVIDE (__data_end__ = .)
                0x1000165c                        __etext = LOADADDR (.data)

.tbss           0x20000254        0x0 load address 0x100017a0
                0x20000254                        . = ALIGN (0x4)
                0x20000254                        __bss_start__ = .
                0x20000254                        __tls_base = .
 *(.tbss .tbss.* .gnu.linkonce.tb.*)
 *(.tcommon)
                0x20000254                        __tls_end = .

.bss            0x20000258      0x214 load address 0x100017a0
                0x20000258                        . = ALIGN (0x4)
                0x20000258                        __tbss_end = .
 *(SORT_BY_ALIGNMENT(SORT_BY_NAME(.bss*)))
 .bss.default_alarm_pool_entries
                0x20000258      0x180 CMakeFiles/U4_Microcontroladores_GPIO_ATIVIDADE_2.dir/C_/Users/ferre/.pico-sdk/sdk/2.1.0/src/common/pico_time/time.c.obj
 .bss._sw_spin_locks
                0x200003d8       0x20 CMakeFiles/U4_Microcontroladores_GPIO_ATIVIDADE_2.dir/C_/Users/ferre/.pico-sdk/sdk/2.1.0/src/rp2_common/hardware_sync_spin_lock/sync_spin_lock.c.obj
                0x200003d8                _sw_spin_locks
 .bss.claimed   0x200003f8        0x2 CMakeFiles/U4_Microcontroladores_GPIO_ATIVIDADE_2.dir/C_/Users/ferre/.pico-sdk/sdk/2.1.0/src/rp2_common/hardware_timer/timer.c.obj
 *fill*         0x200003fa        0x2 
 .bss.configured_freq
                0x200003fc       0x28 CMakeFiles/U4_Microcontroladores_GPIO_ATIVIDADE_2.dir/C_/Users/ferre/.pico-sdk/sdk/2.1.0/src/rp2_common/hardware_clocks/clocks.c.obj
 .bss.drivers   0x20000424        0x4 CMakeFiles/U4_Microcontroladores_GPIO_ATIVIDADE_2.dir/C_/Users/ferre/.pico-sdk/sdk/2.1.0/src/rp2_common/pico_stdio/stdio.c.obj
 .bss.filter    0x20000428        0x4 CMakeFiles/U4_Microcontroladores_GPIO_ATIVIDADE_2.dir/C_/Users/ferre/.pico-sdk/sdk/2.1.0/src/rp2_common/pico_stdio/stdio.c.obj
 .bss.lazy_vsnprintf
                0x2000042c        0x4 CMakeFiles/U4_Microcontroladores_GPIO_ATIVIDADE_2.dir/C_/Users/ferre/.pico-sdk/sdk/2.1.0/src/rp2_common/pico_printf/printf.c.obj
 .bss.object.0  0x20000430       0x18 C:/Users/ferre/.pico-sdk/toolchain/13_3_Rel1/bin/../lib/gcc/arm-none-eabi/13.3.1/thumb/v8-m.main+fp/softfp/crtbegin.o
 .bss.pools     0x20000448       0x20 CMakeFiles/U4_Microcontroladores_GPIO_ATIVIDADE_2.dir/C_/Users/ferre/.pico-sdk/sdk/2.1.0/src/common/pico_time/time.c.obj
 .bss.sleep_notifier
                0x20000468        0x4 CMakeFiles/U4_Microcontroladores_GPIO_ATIVIDADE_2.dir/C_/Users/ferre/.pico-sdk/sdk/2.1.0/src/common/pico_time/time.c.obj
 *(COMMON)
                [!provide]                        PROVIDE (__global_pointer$ = (. + 0x800))
 *(.sbss*)
                0x2000046c                        . = ALIGN (0x4)
                0x2000046c                        __bss_end__ = .

.heap           0x2000046c      0x800 load address 0x100017a0
                0x2000046c                        __end__ = .
                0x2000046c                        end = __end__
 *(.heap*)
 .heap          0x2000046c      0x800 CMakeFiles/U4_Microcontroladores_GPIO_ATIVIDADE_2.dir/C_/Users/ferre/.pico-sdk/sdk/2.1.0/src/rp2_common/pico_crt0/crt0.S.obj
                0x20080000                        __HeapLimit = (ORIGIN (RAM) + LENGTH (RAM))

.scratch_x      0x20080000        0x0 load address 0x100017a0
                0x20080000                        __scratch_x_start__ = .
 *(.scratch_x.*)
                0x20080000                        . = ALIGN (0x4)
                0x20080000                        __scratch_x_end__ = .
                0x100017a0                        __scratch_x_source__ = LOADADDR (.scratch_x)

.scratch_y      0x20081000        0x0 load address 0x100017a0
                0x20081000                        __scratch_y_start__ = .
 *(.scratch_y.*)
                0x20081000                        . = ALIGN (0x4)
                0x20081000                        __scratch_y_end__ = .
                0x100017a0                        __scratch_y_source__ = LOADADDR (.scratch_y)

.stack1_dummy
 *(.stack1*)

.stack_dummy    0x20081000      0x800
 *(.stack*)
 .stack         0x20081000      0x800 CMakeFiles/U4_Microcontroladores_GPIO_ATIVIDADE_2.dir/C_/Users/ferre/.pico-sdk/sdk/2.1.0/src/rp2_common/pico_crt0/crt0.S.obj

.flash_end      0x100017a0       0x14
 *(.embedded_end_block*)
 .embedded_end_block
                0x100017a0       0x14 CMakeFiles/U4_Microcontroladores_GPIO_ATIVIDADE_2.dir/C_/Users/ferre/.pico-sdk/sdk/2.1.0/src/rp2_common/pico_crt0/crt0.S.obj
                0x100017b4                        PROVIDE (__flash_binary_end = .)
                0x20080000                        __StackLimit = (ORIGIN (RAM) + LENGTH (RAM))
                0x20081000                        __StackOneTop = (ORIGIN (SCRATCH_X) + LENGTH (SCRATCH_X))
                0x20082000                        __StackTop = (ORIGIN (SCRATCH_Y) + LENGTH (SCRATCH_Y))
                0x20081000                        __StackOneBottom = (__StackOneTop - SIZEOF (.stack1_dummy))
                0x20081800                        __StackBottom = (__StackTop - SIZEOF (.stack_dummy))
                0x20082000                        PROVIDE (__stack = __StackTop)
                [!provide]                        PROVIDE (__heap_start = __end__)
                [!provide]                        PROVIDE (__heap_end = __HeapLimit)
                [!provide]                        PROVIDE (__tls_align = MAX (ALIGNOF (.tdata), ALIGNOF (.tbss)))
                [!provide]                        PROVIDE (__tls_size_align = (((__tls_size + __tls_align) - 0x1) & ~ ((__tls_align - 0x1))))
                [!provide]                        PROVIDE (__arm32_tls_tcb_offset = MAX (0x8, __tls_align))
                [!provide]                        PROVIDE (_end = __end__)
                [!provide]                        PROVIDE (__llvm_libc_heap_limit = __HeapLimit)
                0x00000001                        ASSERT ((__StackLimit >= __HeapLimit), region RAM overflowed)
                0x00000001                        ASSERT (((__binary_info_header_end - __logical_binary_start) <= 0x400), Binary info must be in first 1024 bytes of the binary)
                0x00000001                        ASSERT (((__embedded_block_end - __logical_binary_start) <= 0x1000), Embedded block must be in first 4096 bytes of the binary)
LOAD CMakeFiles/U4_Microcontroladores_GPIO_ATIVIDADE_2.dir/main.c.obj
LOAD CMakeFiles/U4_Microcontroladores_GPIO_ATIVIDADE_2.dir/C_/Users/ferre/.pico-sdk/sdk/2.1.0/src/rp2_common/pico_stdlib/stdlib.c.obj
LOAD CMakeFiles/U4_Microcontroladores_GPIO_ATIVIDADE_2.dir/C_/Users/ferre/.pico-sdk/sdk/2.1.0/src/rp2_common/hardware_gpio/gpio.c.obj
LOAD CMakeFiles/U4_Microcontroladores_GPIO_ATIVIDADE_2.dir/C_/Users/ferre/.pico-sdk/sdk/2.1.0/src/rp2350/pico_platform/platform.c.obj
LOAD CMakeFiles/U4_Microcontroladores_GPIO_ATIVIDADE_2.dir/C_/Users/ferre/.pico-sdk/sdk/2.1.0/src/rp2_common/pico_platform_panic/panic.c.obj
LOAD CMakeFiles/U4_Microcontroladores_GPIO_ATIVIDADE_2.dir/C_/Users/ferre/.pico-sdk/sdk/2.1.0/src/common/hardware_claim/claim.c.obj
LOAD CMakeFiles/U4_Microcontroladores_GPIO_ATIVIDADE_2.dir/C_/Users/ferre/.pico-sdk/sdk/2.1.0/src/rp2_common/hardware_sync/sync.c.obj
LOAD CMakeFiles/U4_Microcontroladores_GPIO_ATIVIDADE_2.dir/C_/Users/ferre/.pico-sdk/sdk/2.1.0/src/rp2_common/hardware_sync_spin_lock/sync_spin_lock.c.obj
LOAD CMakeFiles/U4_Microcontroladores_GPIO_ATIVIDADE_2.dir/C_/Users/ferre/.pico-sdk/sdk/2.1.0/src/rp2_common/hardware_irq/irq.c.obj
LOAD CMakeFiles/U4_Microcontroladores_GPIO_ATIVIDADE_2.dir/C_/Users/ferre/.pico-sdk/sdk/2.1.0/src/rp2_common/hardware_irq/irq_handler_chain.S.obj
LOAD CMakeFiles/U4_Microcontroladores_GPIO_ATIVIDADE_2.dir/C_/Users/ferre/.pico-sdk/sdk/2.1.0/src/common/pico_sync/sem.c.obj
LOAD CMakeFiles/U4_Microcontroladores_GPIO_ATIVIDADE_2.dir/C_/Users/ferre/.pico-sdk/sdk/2.1.0/src/common/pico_sync/lock_core.c.obj
LOAD CMakeFiles/U4_Microcontroladores_GPIO_ATIVIDADE_2.dir/C_/Users/ferre/.pico-sdk/sdk/2.1.0/src/common/pico_sync/mutex.c.obj
LOAD CMakeFiles/U4_Microcontroladores_GPIO_ATIVIDADE_2.dir/C_/Users/ferre/.pico-sdk/sdk/2.1.0/src/common/pico_sync/critical_section.c.obj
LOAD CMakeFiles/U4_Microcontroladores_GPIO_ATIVIDADE_2.dir/C_/Users/ferre/.pico-sdk/sdk/2.1.0/src/common/pico_time/time.c.obj
LOAD CMakeFiles/U4_Microcontroladores_GPIO_ATIVIDADE_2.dir/C_/Users/ferre/.pico-sdk/sdk/2.1.0/src/common/pico_time/timeout_helper.c.obj
LOAD CMakeFiles/U4_Microcontroladores_GPIO_ATIVIDADE_2.dir/C_/Users/ferre/.pico-sdk/sdk/2.1.0/src/rp2_common/hardware_timer/timer.c.obj
LOAD CMakeFiles/U4_Microcontroladores_GPIO_ATIVIDADE_2.dir/C_/Users/ferre/.pico-sdk/sdk/2.1.0/src/common/pico_util/datetime.c.obj
LOAD CMakeFiles/U4_Microcontroladores_GPIO_ATIVIDADE_2.dir/C_/Users/ferre/.pico-sdk/sdk/2.1.0/src/common/pico_util/pheap.c.obj
LOAD CMakeFiles/U4_Microcontroladores_GPIO_ATIVIDADE_2.dir/C_/Users/ferre/.pico-sdk/sdk/2.1.0/src/common/pico_util/queue.c.obj
LOAD CMakeFiles/U4_Microcontroladores_GPIO_ATIVIDADE_2.dir/C_/Users/ferre/.pico-sdk/sdk/2.1.0/src/rp2_common/hardware_uart/uart.c.obj
LOAD CMakeFiles/U4_Microcontroladores_GPIO_ATIVIDADE_2.dir/C_/Users/ferre/.pico-sdk/sdk/2.1.0/src/rp2_common/hardware_clocks/clocks.c.obj
LOAD CMakeFiles/U4_Microcontroladores_GPIO_ATIVIDADE_2.dir/C_/Users/ferre/.pico-sdk/sdk/2.1.0/src/rp2_common/hardware_pll/pll.c.obj
LOAD CMakeFiles/U4_Microcontroladores_GPIO_ATIVIDADE_2.dir/C_/Users/ferre/.pico-sdk/sdk/2.1.0/src/rp2_common/hardware_vreg/vreg.c.obj
LOAD CMakeFiles/U4_Microcontroladores_GPIO_ATIVIDADE_2.dir/C_/Users/ferre/.pico-sdk/sdk/2.1.0/src/rp2_common/hardware_watchdog/watchdog.c.obj
LOAD CMakeFiles/U4_Microcontroladores_GPIO_ATIVIDADE_2.dir/C_/Users/ferre/.pico-sdk/sdk/2.1.0/src/rp2_common/hardware_ticks/ticks.c.obj
LOAD CMakeFiles/U4_Microcontroladores_GPIO_ATIVIDADE_2.dir/C_/Users/ferre/.pico-sdk/sdk/2.1.0/src/rp2_common/pico_bootrom/bootrom.c.obj
LOAD CMakeFiles/U4_Microcontroladores_GPIO_ATIVIDADE_2.dir/C_/Users/ferre/.pico-sdk/sdk/2.1.0/src/rp2_common/pico_bootrom/bootrom_lock.c.obj
LOAD CMakeFiles/U4_Microcontroladores_GPIO_ATIVIDADE_2.dir/C_/Users/ferre/.pico-sdk/sdk/2.1.0/src/rp2_common/hardware_boot_lock/boot_lock.c.obj
LOAD CMakeFiles/U4_Microcontroladores_GPIO_ATIVIDADE_2.dir/C_/Users/ferre/.pico-sdk/sdk/2.1.0/src/rp2_common/pico_flash/flash.c.obj
LOAD CMakeFiles/U4_Microcontroladores_GPIO_ATIVIDADE_2.dir/C_/Users/ferre/.pico-sdk/sdk/2.1.0/src/rp2_common/hardware_xosc/xosc.c.obj
LOAD CMakeFiles/U4_Microcontroladores_GPIO_ATIVIDADE_2.dir/C_/Users/ferre/.pico-sdk/sdk/2.1.0/src/rp2_common/hardware_divider/divider.c.obj
LOAD CMakeFiles/U4_Microcontroladores_GPIO_ATIVIDADE_2.dir/C_/Users/ferre/.pico-sdk/sdk/2.1.0/src/rp2_common/pico_runtime/runtime.c.obj
LOAD CMakeFiles/U4_Microcontroladores_GPIO_ATIVIDADE_2.dir/C_/Users/ferre/.pico-sdk/sdk/2.1.0/src/rp2_common/pico_runtime_init/runtime_init.c.obj
LOAD CMakeFiles/U4_Microcontroladores_GPIO_ATIVIDADE_2.dir/C_/Users/ferre/.pico-sdk/sdk/2.1.0/src/rp2_common/pico_runtime_init/runtime_init_clocks.c.obj
LOAD CMakeFiles/U4_Microcontroladores_GPIO_ATIVIDADE_2.dir/C_/Users/ferre/.pico-sdk/sdk/2.1.0/src/rp2_common/pico_runtime_init/runtime_init_stack_guard.c.obj
LOAD CMakeFiles/U4_Microcontroladores_GPIO_ATIVIDADE_2.dir/C_/Users/ferre/.pico-sdk/sdk/2.1.0/src/rp2_common/pico_bit_ops/bit_ops_aeabi.S.obj
LOAD CMakeFiles/U4_Microcontroladores_GPIO_ATIVIDADE_2.dir/C_/Users/ferre/.pico-sdk/sdk/2.1.0/src/rp2_common/pico_divider/divider_compiler.c.obj
LOAD CMakeFiles/U4_Microcontroladores_GPIO_ATIVIDADE_2.dir/C_/Users/ferre/.pico-sdk/sdk/2.1.0/src/rp2_common/pico_double/double_math.c.obj
LOAD CMakeFiles/U4_Microcontroladores_GPIO_ATIVIDADE_2.dir/C_/Users/ferre/.pico-sdk/sdk/2.1.0/src/rp2_common/pico_double/double_aeabi_dcp.S.obj
LOAD CMakeFiles/U4_Microcontroladores_GPIO_ATIVIDADE_2.dir/C_/Users/ferre/.pico-sdk/sdk/2.1.0/src/rp2_common/pico_double/double_fma_dcp.S.obj
LOAD CMakeFiles/U4_Microcontroladores_GPIO_ATIVIDADE_2.dir/C_/Users/ferre/.pico-sdk/sdk/2.1.0/src/rp2_common/pico_double/double_sci_m33.S.obj
LOAD CMakeFiles/U4_Microcontroladores_GPIO_ATIVIDADE_2.dir/C_/Users/ferre/.pico-sdk/sdk/2.1.0/src/rp2_common/pico_double/double_conv_m33.S.obj
LOAD CMakeFiles/U4_Microcontroladores_GPIO_ATIVIDADE_2.dir/C_/Users/ferre/.pico-sdk/sdk/2.1.0/src/rp2_common/pico_float/float_math.c.obj
LOAD CMakeFiles/U4_Microcontroladores_GPIO_ATIVIDADE_2.dir/C_/Users/ferre/.pico-sdk/sdk/2.1.0/src/rp2_common/pico_float/float_sci_m33_vfp.S.obj
LOAD CMakeFiles/U4_Microcontroladores_GPIO_ATIVIDADE_2.dir/C_/Users/ferre/.pico-sdk/sdk/2.1.0/src/rp2_common/pico_float/float_conv_m33.S.obj
LOAD CMakeFiles/U4_Microcontroladores_GPIO_ATIVIDADE_2.dir/C_/Users/ferre/.pico-sdk/sdk/2.1.0/src/rp2_common/pico_malloc/malloc.c.obj
LOAD CMakeFiles/U4_Microcontroladores_GPIO_ATIVIDADE_2.dir/C_/Users/ferre/.pico-sdk/sdk/2.1.0/src/rp2_common/pico_atomic/atomic.c.obj
LOAD CMakeFiles/U4_Microcontroladores_GPIO_ATIVIDADE_2.dir/C_/Users/ferre/.pico-sdk/sdk/2.1.0/src/rp2_common/pico_cxx_options/new_delete.cpp.obj
LOAD CMakeFiles/U4_Microcontroladores_GPIO_ATIVIDADE_2.dir/C_/Users/ferre/.pico-sdk/sdk/2.1.0/src/rp2_common/pico_standard_binary_info/standard_binary_info.c.obj
LOAD CMakeFiles/U4_Microcontroladores_GPIO_ATIVIDADE_2.dir/C_/Users/ferre/.pico-sdk/sdk/2.1.0/src/rp2_common/pico_printf/printf.c.obj
LOAD CMakeFiles/U4_Microcontroladores_GPIO_ATIVIDADE_2.dir/C_/Users/ferre/.pico-sdk/sdk/2.1.0/src/rp2_common/pico_crt0/crt0.S.obj
LOAD CMakeFiles/U4_Microcontroladores_GPIO_ATIVIDADE_2.dir/C_/Users/ferre/.pico-sdk/sdk/2.1.0/src/rp2_common/pico_clib_interface/newlib_interface.c.obj
LOAD CMakeFiles/U4_Microcontroladores_GPIO_ATIVIDADE_2.dir/C_/Users/ferre/.pico-sdk/sdk/2.1.0/src/rp2_common/pico_stdio/stdio.c.obj
LOAD pico-sdk\src\rp2350\boot_stage2\CMakeFiles\bs2_default_library.dir\bs2_default_padded_checksummed.S.obj
LOAD C:/Users/ferre/.pico-sdk/toolchain/13_3_Rel1/bin/../lib/gcc/arm-none-eabi/13.3.1/thumb/v8-m.main+fp/softfp\libstdc++.a
LOAD C:/Users/ferre/.pico-sdk/toolchain/13_3_Rel1/bin/../lib/gcc/arm-none-eabi/13.3.1/thumb/v8-m.main+fp/softfp\libm.a
START GROUP
LOAD C:/Users/ferre/.pico-sdk/toolchain/13_3_Rel1/bin/../lib/gcc/arm-none-eabi/13.3.1/thumb/v8-m.main+fp/softfp\libgcc.a
LOAD C:/Users/ferre/.pico-sdk/toolchain/13_3_Rel1/bin/../lib/gcc/arm-none-eabi/13.3.1/thumb/v8-m.main+fp/softfp\libg.a
LOAD C:/Users/ferre/.pico-sdk/toolchain/13_3_Rel1/bin/../lib/gcc/arm-none-eabi/13.3.1/thumb/v8-m.main+fp/softfp\libc.a
END GROUP
START GROUP
LOAD C:/Users/ferre/.pico-sdk/toolchain/13_3_Rel1/bin/../lib/gcc/arm-none-eabi/13.3.1/thumb/v8-m.main+fp/softfp\libgcc.a
LOAD C:/Users/ferre/.pico-sdk/toolchain/13_3_Rel1/bin/../lib/gcc/arm-none-eabi/13.3.1/thumb/v8-m.main+fp/softfp\libc.a
LOAD C:/Users/ferre/.pico-sdk/toolchain/13_3_Rel1/bin/../lib/gcc/arm-none-eabi/13.3.1/thumb/v8-m.main+fp/softfp\libnosys.a
END GROUP
LOAD C:/Users/ferre/.pico-sdk/toolchain/13_3_Rel1/bin/../lib/gcc/arm-none-eabi/13.3.1/thumb/v8-m.main+fp/softfp/crtend.o
LOAD C:/Users/ferre/.pico-sdk/toolchain/13_3_Rel1/bin/../lib/gcc/arm-none-eabi/13.3.1/thumb/v8-m.main+fp/softfp/crtn.o
OUTPUT(U4_Microcontroladores_GPIO_ATIVIDADE_2.elf elf32-littlearm)
LOAD linker stubs

.rel.dyn        0x100017b4        0x0
 .rel.iplt      0x100017b4        0x0 C:/Users/ferre/.pico-sdk/toolchain/13_3_Rel1/bin/../lib/gcc/arm-none-eabi/13.3.1/thumb/v8-m.main+fp/softfp/crtbegin.o

.ARM.attributes
                0x00000000       0x34
 .ARM.attributes
                0x00000000       0x26 C:/Users/ferre/.pico-sdk/toolchain/13_3_Rel1/bin/../lib/gcc/arm-none-eabi/13.3.1/thumb/v8-m.main+fp/softfp/crti.o
 .ARM.attributes
                0x00000026       0x36 C:/Users/ferre/.pico-sdk/toolchain/13_3_Rel1/bin/../lib/gcc/arm-none-eabi/13.3.1/thumb/v8-m.main+fp/softfp/crtbegin.o
 .ARM.attributes
                0x0000005c       0x38 CMakeFiles/U4_Microcontroladores_GPIO_ATIVIDADE_2.dir/main.c.obj
 .ARM.attributes
                0x00000094       0x38 CMakeFiles/U4_Microcontroladores_GPIO_ATIVIDADE_2.dir/C_/Users/ferre/.pico-sdk/sdk/2.1.0/src/rp2_common/hardware_gpio/gpio.c.obj
 .ARM.attributes
                0x000000cc       0x38 CMakeFiles/U4_Microcontroladores_GPIO_ATIVIDADE_2.dir/C_/Users/ferre/.pico-sdk/sdk/2.1.0/src/rp2_common/pico_platform_panic/panic.c.obj
 .ARM.attributes
                0x00000104       0x38 CMakeFiles/U4_Microcontroladores_GPIO_ATIVIDADE_2.dir/C_/Users/ferre/.pico-sdk/sdk/2.1.0/src/common/hardware_claim/claim.c.obj
 .ARM.attributes
                0x0000013c       0x38 CMakeFiles/U4_Microcontroladores_GPIO_ATIVIDADE_2.dir/C_/Users/ferre/.pico-sdk/sdk/2.1.0/src/rp2_common/hardware_sync/sync.c.obj
 .ARM.attributes
                0x00000174       0x38 CMakeFiles/U4_Microcontroladores_GPIO_ATIVIDADE_2.dir/C_/Users/ferre/.pico-sdk/sdk/2.1.0/src/rp2_common/hardware_sync_spin_lock/sync_spin_lock.c.obj
 .ARM.attributes
                0x000001ac       0x38 CMakeFiles/U4_Microcontroladores_GPIO_ATIVIDADE_2.dir/C_/Users/ferre/.pico-sdk/sdk/2.1.0/src/rp2_common/hardware_irq/irq.c.obj
 .ARM.attributes
                0x000001e4       0x38 CMakeFiles/U4_Microcontroladores_GPIO_ATIVIDADE_2.dir/C_/Users/ferre/.pico-sdk/sdk/2.1.0/src/common/pico_sync/lock_core.c.obj
 .ARM.attributes
                0x0000021c       0x38 CMakeFiles/U4_Microcontroladores_GPIO_ATIVIDADE_2.dir/C_/Users/ferre/.pico-sdk/sdk/2.1.0/src/common/pico_sync/mutex.c.obj
 .ARM.attributes
                0x00000254       0x38 CMakeFiles/U4_Microcontroladores_GPIO_ATIVIDADE_2.dir/C_/Users/ferre/.pico-sdk/sdk/2.1.0/src/common/pico_time/time.c.obj
 .ARM.attributes
                0x0000028c       0x38 CMakeFiles/U4_Microcontroladores_GPIO_ATIVIDADE_2.dir/C_/Users/ferre/.pico-sdk/sdk/2.1.0/src/rp2_common/hardware_timer/timer.c.obj
 .ARM.attributes
                0x000002c4       0x38 CMakeFiles/U4_Microcontroladores_GPIO_ATIVIDADE_2.dir/C_/Users/ferre/.pico-sdk/sdk/2.1.0/src/rp2_common/hardware_clocks/clocks.c.obj
 .ARM.attributes
                0x000002fc       0x38 CMakeFiles/U4_Microcontroladores_GPIO_ATIVIDADE_2.dir/C_/Users/ferre/.pico-sdk/sdk/2.1.0/src/rp2_common/hardware_pll/pll.c.obj
 .ARM.attributes
                0x00000334       0x38 CMakeFiles/U4_Microcontroladores_GPIO_ATIVIDADE_2.dir/C_/Users/ferre/.pico-sdk/sdk/2.1.0/src/rp2_common/hardware_ticks/ticks.c.obj
 .ARM.attributes
                0x0000036c       0x38 CMakeFiles/U4_Microcontroladores_GPIO_ATIVIDADE_2.dir/C_/Users/ferre/.pico-sdk/sdk/2.1.0/src/rp2_common/pico_bootrom/bootrom.c.obj
 .ARM.attributes
                0x000003a4       0x38 CMakeFiles/U4_Microcontroladores_GPIO_ATIVIDADE_2.dir/C_/Users/ferre/.pico-sdk/sdk/2.1.0/src/rp2_common/pico_bootrom/bootrom_lock.c.obj
 .ARM.attributes
                0x000003dc       0x38 CMakeFiles/U4_Microcontroladores_GPIO_ATIVIDADE_2.dir/C_/Users/ferre/.pico-sdk/sdk/2.1.0/src/rp2_common/hardware_boot_lock/boot_lock.c.obj
 .ARM.attributes
                0x00000414       0x38 CMakeFiles/U4_Microcontroladores_GPIO_ATIVIDADE_2.dir/C_/Users/ferre/.pico-sdk/sdk/2.1.0/src/rp2_common/hardware_xosc/xosc.c.obj
 .ARM.attributes
                0x0000044c       0x38 CMakeFiles/U4_Microcontroladores_GPIO_ATIVIDADE_2.dir/C_/Users/ferre/.pico-sdk/sdk/2.1.0/src/rp2_common/pico_runtime/runtime.c.obj
 .ARM.attributes
                0x00000484       0x38 CMakeFiles/U4_Microcontroladores_GPIO_ATIVIDADE_2.dir/C_/Users/ferre/.pico-sdk/sdk/2.1.0/src/rp2_common/pico_runtime_init/runtime_init.c.obj
 .ARM.attributes
                0x000004bc       0x38 CMakeFiles/U4_Microcontroladores_GPIO_ATIVIDADE_2.dir/C_/Users/ferre/.pico-sdk/sdk/2.1.0/src/rp2_common/pico_runtime_init/runtime_init_clocks.c.obj
 .ARM.attributes
                0x000004f4       0x38 CMakeFiles/U4_Microcontroladores_GPIO_ATIVIDADE_2.dir/C_/Users/ferre/.pico-sdk/sdk/2.1.0/src/rp2_common/pico_standard_binary_info/standard_binary_info.c.obj
 .ARM.attributes
                0x0000052c       0x38 CMakeFiles/U4_Microcontroladores_GPIO_ATIVIDADE_2.dir/C_/Users/ferre/.pico-sdk/sdk/2.1.0/src/rp2_common/pico_printf/printf.c.obj
 .ARM.attributes
                0x00000564       0x28 CMakeFiles/U4_Microcontroladores_GPIO_ATIVIDADE_2.dir/C_/Users/ferre/.pico-sdk/sdk/2.1.0/src/rp2_common/pico_crt0/crt0.S.obj
 .ARM.attributes
                0x0000058c       0x38 CMakeFiles/U4_Microcontroladores_GPIO_ATIVIDADE_2.dir/C_/Users/ferre/.pico-sdk/sdk/2.1.0/src/rp2_common/pico_clib_interface/newlib_interface.c.obj
 .ARM.attributes
                0x000005c4       0x38 CMakeFiles/U4_Microcontroladores_GPIO_ATIVIDADE_2.dir/C_/Users/ferre/.pico-sdk/sdk/2.1.0/src/rp2_common/pico_stdio/stdio.c.obj
 .ARM.attributes
                0x000005fc       0x24 C:/Users/ferre/.pico-sdk/toolchain/13_3_Rel1/bin/../lib/gcc/arm-none-eabi/13.3.1/thumb/v8-m.main+fp/softfp\libg.a(libc_a-memcpy.o)
 .ARM.attributes
                0x00000620       0x36 C:/Users/ferre/.pico-sdk/toolchain/13_3_Rel1/bin/../lib/gcc/arm-none-eabi/13.3.1/thumb/v8-m.main+fp/softfp\libg.a(libc_a-strlen-stub.o)
 .ARM.attributes
                0x00000656       0x36 C:/Users/ferre/.pico-sdk/toolchain/13_3_Rel1/bin/../lib/gcc/arm-none-eabi/13.3.1/thumb/v8-m.main+fp/softfp/crtend.o

.comment        0x00000000       0x45
 .comment       0x00000000       0x45 CMakeFiles/U4_Microcontroladores_GPIO_ATIVIDADE_2.dir/main.c.obj
                                 0x46 (size before relaxing)
 .comment       0x00000045       0x46 CMakeFiles/U4_Microcontroladores_GPIO_ATIVIDADE_2.dir/C_/Users/ferre/.pico-sdk/sdk/2.1.0/src/rp2_common/hardware_gpio/gpio.c.obj
 .comment       0x00000045       0x46 CMakeFiles/U4_Microcontroladores_GPIO_ATIVIDADE_2.dir/C_/Users/ferre/.pico-sdk/sdk/2.1.0/src/rp2_common/pico_platform_panic/panic.c.obj
 .comment       0x00000045       0x46 CMakeFiles/U4_Microcontroladores_GPIO_ATIVIDADE_2.dir/C_/Users/ferre/.pico-sdk/sdk/2.1.0/src/common/hardware_claim/claim.c.obj
 .comment       0x00000045       0x46 CMakeFiles/U4_Microcontroladores_GPIO_ATIVIDADE_2.dir/C_/Users/ferre/.pico-sdk/sdk/2.1.0/src/rp2_common/hardware_sync/sync.c.obj
 .comment       0x00000045       0x46 CMakeFiles/U4_Microcontroladores_GPIO_ATIVIDADE_2.dir/C_/Users/ferre/.pico-sdk/sdk/2.1.0/src/rp2_common/hardware_sync_spin_lock/sync_spin_lock.c.obj
 .comment       0x00000045       0x46 CMakeFiles/U4_Microcontroladores_GPIO_ATIVIDADE_2.dir/C_/Users/ferre/.pico-sdk/sdk/2.1.0/src/rp2_common/hardware_irq/irq.c.obj
 .comment       0x00000045       0x46 CMakeFiles/U4_Microcontroladores_GPIO_ATIVIDADE_2.dir/C_/Users/ferre/.pico-sdk/sdk/2.1.0/src/common/pico_sync/lock_core.c.obj
 .comment       0x00000045       0x46 CMakeFiles/U4_Microcontroladores_GPIO_ATIVIDADE_2.dir/C_/Users/ferre/.pico-sdk/sdk/2.1.0/src/common/pico_sync/mutex.c.obj
 .comment       0x00000045       0x46 CMakeFiles/U4_Microcontroladores_GPIO_ATIVIDADE_2.dir/C_/Users/ferre/.pico-sdk/sdk/2.1.0/src/common/pico_time/time.c.obj
 .comment       0x00000045       0x46 CMakeFiles/U4_Microcontroladores_GPIO_ATIVIDADE_2.dir/C_/Users/ferre/.pico-sdk/sdk/2.1.0/src/rp2_common/hardware_timer/timer.c.obj
 .comment       0x00000045       0x46 CMakeFiles/U4_Microcontroladores_GPIO_ATIVIDADE_2.dir/C_/Users/ferre/.pico-sdk/sdk/2.1.0/src/rp2_common/hardware_clocks/clocks.c.obj
 .comment       0x00000045       0x46 CMakeFiles/U4_Microcontroladores_GPIO_ATIVIDADE_2.dir/C_/Users/ferre/.pico-sdk/sdk/2.1.0/src/rp2_common/hardware_pll/pll.c.obj
 .comment       0x00000045       0x46 CMakeFiles/U4_Microcontroladores_GPIO_ATIVIDADE_2.dir/C_/Users/ferre/.pico-sdk/sdk/2.1.0/src/rp2_common/hardware_ticks/ticks.c.obj
 .comment       0x00000045       0x46 CMakeFiles/U4_Microcontroladores_GPIO_ATIVIDADE_2.dir/C_/Users/ferre/.pico-sdk/sdk/2.1.0/src/rp2_common/pico_bootrom/bootrom.c.obj
 .comment       0x00000045       0x46 CMakeFiles/U4_Microcontroladores_GPIO_ATIVIDADE_2.dir/C_/Users/ferre/.pico-sdk/sdk/2.1.0/src/rp2_common/pico_bootrom/bootrom_lock.c.obj
 .comment       0x00000045       0x46 CMakeFiles/U4_Microcontroladores_GPIO_ATIVIDADE_2.dir/C_/Users/ferre/.pico-sdk/sdk/2.1.0/src/rp2_common/hardware_boot_lock/boot_lock.c.obj
 .comment       0x00000045       0x46 CMakeFiles/U4_Microcontroladores_GPIO_ATIVIDADE_2.dir/C_/Users/ferre/.pico-sdk/sdk/2.1.0/src/rp2_common/hardware_xosc/xosc.c.obj
 .comment       0x00000045       0x46 CMakeFiles/U4_Microcontroladores_GPIO_ATIVIDADE_2.dir/C_/Users/ferre/.pico-sdk/sdk/2.1.0/src/rp2_common/pico_runtime/runtime.c.obj
 .comment       0x00000045       0x46 CMakeFiles/U4_Microcontroladores_GPIO_ATIVIDADE_2.dir/C_/Users/ferre/.pico-sdk/sdk/2.1.0/src/rp2_common/pico_runtime_init/runtime_init.c.obj
 .comment       0x00000045       0x46 CMakeFiles/U4_Microcontroladores_GPIO_ATIVIDADE_2.dir/C_/Users/ferre/.pico-sdk/sdk/2.1.0/src/rp2_common/pico_runtime_init/runtime_init_clocks.c.obj
 .comment       0x00000045       0x46 CMakeFiles/U4_Microcontroladores_GPIO_ATIVIDADE_2.dir/C_/Users/ferre/.pico-sdk/sdk/2.1.0/src/rp2_common/pico_standard_binary_info/standard_binary_info.c.obj
 .comment       0x00000045       0x46 CMakeFiles/U4_Microcontroladores_GPIO_ATIVIDADE_2.dir/C_/Users/ferre/.pico-sdk/sdk/2.1.0/src/rp2_common/pico_printf/printf.c.obj
 .comment       0x00000045       0x46 CMakeFiles/U4_Microcontroladores_GPIO_ATIVIDADE_2.dir/C_/Users/ferre/.pico-sdk/sdk/2.1.0/src/rp2_common/pico_clib_interface/newlib_interface.c.obj
 .comment       0x00000045       0x46 CMakeFiles/U4_Microcontroladores_GPIO_ATIVIDADE_2.dir/C_/Users/ferre/.pico-sdk/sdk/2.1.0/src/rp2_common/pico_stdio/stdio.c.obj

.debug_info     0x00000000    0x1cfb4
 .debug_info    0x00000000     0x1266 CMakeFiles/U4_Microcontroladores_GPIO_ATIVIDADE_2.dir/main.c.obj
 .debug_info    0x00001266     0x2416 CMakeFiles/U4_Microcontroladores_GPIO_ATIVIDADE_2.dir/C_/Users/ferre/.pico-sdk/sdk/2.1.0/src/rp2_common/hardware_gpio/gpio.c.obj
 .debug_info    0x0000367c      0x1be CMakeFiles/U4_Microcontroladores_GPIO_ATIVIDADE_2.dir/C_/Users/ferre/.pico-sdk/sdk/2.1.0/src/rp2_common/pico_platform_panic/panic.c.obj
 .debug_info    0x0000383a      0xb74 CMakeFiles/U4_Microcontroladores_GPIO_ATIVIDADE_2.dir/C_/Users/ferre/.pico-sdk/sdk/2.1.0/src/common/hardware_claim/claim.c.obj
 .debug_info    0x000043ae      0x465 CMakeFiles/U4_Microcontroladores_GPIO_ATIVIDADE_2.dir/C_/Users/ferre/.pico-sdk/sdk/2.1.0/src/rp2_common/hardware_sync/sync.c.obj
 .debug_info    0x00004813     0x145e CMakeFiles/U4_Microcontroladores_GPIO_ATIVIDADE_2.dir/C_/Users/ferre/.pico-sdk/sdk/2.1.0/src/rp2_common/hardware_sync_spin_lock/sync_spin_lock.c.obj
 .debug_info    0x00005c71     0x25a7 CMakeFiles/U4_Microcontroladores_GPIO_ATIVIDADE_2.dir/C_/Users/ferre/.pico-sdk/sdk/2.1.0/src/rp2_common/hardware_irq/irq.c.obj
 .debug_info    0x00008218      0x187 CMakeFiles/U4_Microcontroladores_GPIO_ATIVIDADE_2.dir/C_/Users/ferre/.pico-sdk/sdk/2.1.0/src/common/pico_sync/lock_core.c.obj
 .debug_info    0x0000839f     0x1e65 CMakeFiles/U4_Microcontroladores_GPIO_ATIVIDADE_2.dir/C_/Users/ferre/.pico-sdk/sdk/2.1.0/src/common/pico_sync/mutex.c.obj
 .debug_info    0x0000a204     0x4ce4 CMakeFiles/U4_Microcontroladores_GPIO_ATIVIDADE_2.dir/C_/Users/ferre/.pico-sdk/sdk/2.1.0/src/common/pico_time/time.c.obj
 .debug_info    0x0000eee8     0x30bc CMakeFiles/U4_Microcontroladores_GPIO_ATIVIDADE_2.dir/C_/Users/ferre/.pico-sdk/sdk/2.1.0/src/rp2_common/hardware_timer/timer.c.obj
 .debug_info    0x00011fa4     0x286a CMakeFiles/U4_Microcontroladores_GPIO_ATIVIDADE_2.dir/C_/Users/ferre/.pico-sdk/sdk/2.1.0/src/rp2_common/hardware_clocks/clocks.c.obj
 .debug_info    0x0001480e      0x507 CMakeFiles/U4_Microcontroladores_GPIO_ATIVIDADE_2.dir/C_/Users/ferre/.pico-sdk/sdk/2.1.0/src/rp2_common/hardware_pll/pll.c.obj
 .debug_info    0x00014d15      0x26c CMakeFiles/U4_Microcontroladores_GPIO_ATIVIDADE_2.dir/C_/Users/ferre/.pico-sdk/sdk/2.1.0/src/rp2_common/hardware_ticks/ticks.c.obj
 .debug_info    0x00014f81      0x8b6 CMakeFiles/U4_Microcontroladores_GPIO_ATIVIDADE_2.dir/C_/Users/ferre/.pico-sdk/sdk/2.1.0/src/rp2_common/pico_bootrom/bootrom.c.obj
 .debug_info    0x00015837      0x1c4 CMakeFiles/U4_Microcontroladores_GPIO_ATIVIDADE_2.dir/C_/Users/ferre/.pico-sdk/sdk/2.1.0/src/rp2_common/pico_bootrom/bootrom_lock.c.obj
 .debug_info    0x000159fb      0x316 CMakeFiles/U4_Microcontroladores_GPIO_ATIVIDADE_2.dir/C_/Users/ferre/.pico-sdk/sdk/2.1.0/src/rp2_common/hardware_boot_lock/boot_lock.c.obj
 .debug_info    0x00015d11      0x1b1 CMakeFiles/U4_Microcontroladores_GPIO_ATIVIDADE_2.dir/C_/Users/ferre/.pico-sdk/sdk/2.1.0/src/rp2_common/hardware_xosc/xosc.c.obj
 .debug_info    0x00015ec2      0x21a CMakeFiles/U4_Microcontroladores_GPIO_ATIVIDADE_2.dir/C_/Users/ferre/.pico-sdk/sdk/2.1.0/src/rp2_common/pico_runtime/runtime.c.obj
 .debug_info    0x000160dc     0x1bcd CMakeFiles/U4_Microcontroladores_GPIO_ATIVIDADE_2.dir/C_/Users/ferre/.pico-sdk/sdk/2.1.0/src/rp2_common/pico_runtime_init/runtime_init.c.obj
 .debug_info    0x00017ca9      0x7c8 CMakeFiles/U4_Microcontroladores_GPIO_ATIVIDADE_2.dir/C_/Users/ferre/.pico-sdk/sdk/2.1.0/src/rp2_common/pico_runtime_init/runtime_init_clocks.c.obj
 .debug_info    0x00018471      0x2e2 CMakeFiles/U4_Microcontroladores_GPIO_ATIVIDADE_2.dir/C_/Users/ferre/.pico-sdk/sdk/2.1.0/src/rp2_common/pico_standard_binary_info/standard_binary_info.c.obj
 .debug_info    0x00018753     0x208d CMakeFiles/U4_Microcontroladores_GPIO_ATIVIDADE_2.dir/C_/Users/ferre/.pico-sdk/sdk/2.1.0/src/rp2_common/pico_printf/printf.c.obj
 .debug_info    0x0001a7e0       0x23 CMakeFiles/U4_Microcontroladores_GPIO_ATIVIDADE_2.dir/C_/Users/ferre/.pico-sdk/sdk/2.1.0/src/rp2_common/pico_crt0/crt0.S.obj
 .debug_info    0x0001a803      0xbdf CMakeFiles/U4_Microcontroladores_GPIO_ATIVIDADE_2.dir/C_/Users/ferre/.pico-sdk/sdk/2.1.0/src/rp2_common/pico_clib_interface/newlib_interface.c.obj
 .debug_info    0x0001b3e2     0x1bd2 CMakeFiles/U4_Microcontroladores_GPIO_ATIVIDADE_2.dir/C_/Users/ferre/.pico-sdk/sdk/2.1.0/src/rp2_common/pico_stdio/stdio.c.obj

.debug_abbrev   0x00000000     0x4d72
 .debug_abbrev  0x00000000      0x20d CMakeFiles/U4_Microcontroladores_GPIO_ATIVIDADE_2.dir/main.c.obj
 .debug_abbrev  0x0000020d      0x54a CMakeFiles/U4_Microcontroladores_GPIO_ATIVIDADE_2.dir/C_/Users/ferre/.pico-sdk/sdk/2.1.0/src/rp2_common/hardware_gpio/gpio.c.obj
 .debug_abbrev  0x00000757      0x12b CMakeFiles/U4_Microcontroladores_GPIO_ATIVIDADE_2.dir/C_/Users/ferre/.pico-sdk/sdk/2.1.0/src/rp2_common/pico_platform_panic/panic.c.obj
 .debug_abbrev  0x00000882      0x371 CMakeFiles/U4_Microcontroladores_GPIO_ATIVIDADE_2.dir/C_/Users/ferre/.pico-sdk/sdk/2.1.0/src/common/hardware_claim/claim.c.obj
 .debug_abbrev  0x00000bf3      0x22d CMakeFiles/U4_Microcontroladores_GPIO_ATIVIDADE_2.dir/C_/Users/ferre/.pico-sdk/sdk/2.1.0/src/rp2_common/hardware_sync/sync.c.obj
 .debug_abbrev  0x00000e20      0x26e CMakeFiles/U4_Microcontroladores_GPIO_ATIVIDADE_2.dir/C_/Users/ferre/.pico-sdk/sdk/2.1.0/src/rp2_common/hardware_sync_spin_lock/sync_spin_lock.c.obj
 .debug_abbrev  0x0000108e      0x630 CMakeFiles/U4_Microcontroladores_GPIO_ATIVIDADE_2.dir/C_/Users/ferre/.pico-sdk/sdk/2.1.0/src/rp2_common/hardware_irq/irq.c.obj
 .debug_abbrev  0x000016be      0x11e CMakeFiles/U4_Microcontroladores_GPIO_ATIVIDADE_2.dir/C_/Users/ferre/.pico-sdk/sdk/2.1.0/src/common/pico_sync/lock_core.c.obj
 .debug_abbrev  0x000017dc      0x49e CMakeFiles/U4_Microcontroladores_GPIO_ATIVIDADE_2.dir/C_/Users/ferre/.pico-sdk/sdk/2.1.0/src/common/pico_sync/mutex.c.obj
 .debug_abbrev  0x00001c7a      0x65c CMakeFiles/U4_Microcontroladores_GPIO_ATIVIDADE_2.dir/C_/Users/ferre/.pico-sdk/sdk/2.1.0/src/common/pico_time/time.c.obj
 .debug_abbrev  0x000022d6      0x4f9 CMakeFiles/U4_Microcontroladores_GPIO_ATIVIDADE_2.dir/C_/Users/ferre/.pico-sdk/sdk/2.1.0/src/rp2_common/hardware_timer/timer.c.obj
 .debug_abbrev  0x000027cf      0x4d5 CMakeFiles/U4_Microcontroladores_GPIO_ATIVIDADE_2.dir/C_/Users/ferre/.pico-sdk/sdk/2.1.0/src/rp2_common/hardware_clocks/clocks.c.obj
 .debug_abbrev  0x00002ca4      0x1a8 CMakeFiles/U4_Microcontroladores_GPIO_ATIVIDADE_2.dir/C_/Users/ferre/.pico-sdk/sdk/2.1.0/src/rp2_common/hardware_pll/pll.c.obj
 .debug_abbrev  0x00002e4c      0x146 CMakeFiles/U4_Microcontroladores_GPIO_ATIVIDADE_2.dir/C_/Users/ferre/.pico-sdk/sdk/2.1.0/src/rp2_common/hardware_ticks/ticks.c.obj
 .debug_abbrev  0x00002f92      0x385 CMakeFiles/U4_Microcontroladores_GPIO_ATIVIDADE_2.dir/C_/Users/ferre/.pico-sdk/sdk/2.1.0/src/rp2_common/pico_bootrom/bootrom.c.obj
 .debug_abbrev  0x00003317       0xfb CMakeFiles/U4_Microcontroladores_GPIO_ATIVIDADE_2.dir/C_/Users/ferre/.pico-sdk/sdk/2.1.0/src/rp2_common/pico_bootrom/bootrom_lock.c.obj
 .debug_abbrev  0x00003412      0x1de CMakeFiles/U4_Microcontroladores_GPIO_ATIVIDADE_2.dir/C_/Users/ferre/.pico-sdk/sdk/2.1.0/src/rp2_common/hardware_boot_lock/boot_lock.c.obj
 .debug_abbrev  0x000035f0      0x109 CMakeFiles/U4_Microcontroladores_GPIO_ATIVIDADE_2.dir/C_/Users/ferre/.pico-sdk/sdk/2.1.0/src/rp2_common/hardware_xosc/xosc.c.obj
 .debug_abbrev  0x000036f9      0x182 CMakeFiles/U4_Microcontroladores_GPIO_ATIVIDADE_2.dir/C_/Users/ferre/.pico-sdk/sdk/2.1.0/src/rp2_common/pico_runtime/runtime.c.obj
 .debug_abbrev  0x0000387b      0x2dd CMakeFiles/U4_Microcontroladores_GPIO_ATIVIDADE_2.dir/C_/Users/ferre/.pico-sdk/sdk/2.1.0/src/rp2_common/pico_runtime_init/runtime_init.c.obj
 .debug_abbrev  0x00003b58      0x29d CMakeFiles/U4_Microcontroladores_GPIO_ATIVIDADE_2.dir/C_/Users/ferre/.pico-sdk/sdk/2.1.0/src/rp2_common/pico_runtime_init/runtime_init_clocks.c.obj
 .debug_abbrev  0x00003df5       0xb8 CMakeFiles/U4_Microcontroladores_GPIO_ATIVIDADE_2.dir/C_/Users/ferre/.pico-sdk/sdk/2.1.0/src/rp2_common/pico_standard_binary_info/standard_binary_info.c.obj
 .debug_abbrev  0x00003ead      0x540 CMakeFiles/U4_Microcontroladores_GPIO_ATIVIDADE_2.dir/C_/Users/ferre/.pico-sdk/sdk/2.1.0/src/rp2_common/pico_printf/printf.c.obj
 .debug_abbrev  0x000043ed       0x12 CMakeFiles/U4_Microcontroladores_GPIO_ATIVIDADE_2.dir/C_/Users/ferre/.pico-sdk/sdk/2.1.0/src/rp2_common/pico_crt0/crt0.S.obj
 .debug_abbrev  0x000043ff      0x375 CMakeFiles/U4_Microcontroladores_GPIO_ATIVIDADE_2.dir/C_/Users/ferre/.pico-sdk/sdk/2.1.0/src/rp2_common/pico_clib_interface/newlib_interface.c.obj
 .debug_abbrev  0x00004774      0x5fe CMakeFiles/U4_Microcontroladores_GPIO_ATIVIDADE_2.dir/C_/Users/ferre/.pico-sdk/sdk/2.1.0/src/rp2_common/pico_stdio/stdio.c.obj

.debug_loclists
                0x00000000     0xe840
 .debug_loclists
                0x00000000      0x71a CMakeFiles/U4_Microcontroladores_GPIO_ATIVIDADE_2.dir/main.c.obj
 .debug_loclists
                0x0000071a     0x194b CMakeFiles/U4_Microcontroladores_GPIO_ATIVIDADE_2.dir/C_/Users/ferre/.pico-sdk/sdk/2.1.0/src/rp2_common/hardware_gpio/gpio.c.obj
 .debug_loclists
                0x00002065      0x451 CMakeFiles/U4_Microcontroladores_GPIO_ATIVIDADE_2.dir/C_/Users/ferre/.pico-sdk/sdk/2.1.0/src/common/hardware_claim/claim.c.obj
 .debug_loclists
                0x000024b6      0x107 CMakeFiles/U4_Microcontroladores_GPIO_ATIVIDADE_2.dir/C_/Users/ferre/.pico-sdk/sdk/2.1.0/src/rp2_common/hardware_sync/sync.c.obj
 .debug_loclists
                0x000025bd       0xa2 CMakeFiles/U4_Microcontroladores_GPIO_ATIVIDADE_2.dir/C_/Users/ferre/.pico-sdk/sdk/2.1.0/src/rp2_common/hardware_sync_spin_lock/sync_spin_lock.c.obj
 .debug_loclists
                0x0000265f     0x10b2 CMakeFiles/U4_Microcontroladores_GPIO_ATIVIDADE_2.dir/C_/Users/ferre/.pico-sdk/sdk/2.1.0/src/rp2_common/hardware_irq/irq.c.obj
 .debug_loclists
                0x00003711       0x17 CMakeFiles/U4_Microcontroladores_GPIO_ATIVIDADE_2.dir/C_/Users/ferre/.pico-sdk/sdk/2.1.0/src/common/pico_sync/lock_core.c.obj
 .debug_loclists
                0x00003728      0xae5 CMakeFiles/U4_Microcontroladores_GPIO_ATIVIDADE_2.dir/C_/Users/ferre/.pico-sdk/sdk/2.1.0/src/common/pico_sync/mutex.c.obj
 .debug_loclists
                0x0000420d     0x2aba CMakeFiles/U4_Microcontroladores_GPIO_ATIVIDADE_2.dir/C_/Users/ferre/.pico-sdk/sdk/2.1.0/src/common/pico_time/time.c.obj
 .debug_loclists
                0x00006cc7     0x1a37 CMakeFiles/U4_Microcontroladores_GPIO_ATIVIDADE_2.dir/C_/Users/ferre/.pico-sdk/sdk/2.1.0/src/rp2_common/hardware_timer/timer.c.obj
 .debug_loclists
                0x000086fe     0x1fab CMakeFiles/U4_Microcontroladores_GPIO_ATIVIDADE_2.dir/C_/Users/ferre/.pico-sdk/sdk/2.1.0/src/rp2_common/hardware_clocks/clocks.c.obj
 .debug_loclists
                0x0000a6a9      0x1b7 CMakeFiles/U4_Microcontroladores_GPIO_ATIVIDADE_2.dir/C_/Users/ferre/.pico-sdk/sdk/2.1.0/src/rp2_common/hardware_pll/pll.c.obj
 .debug_loclists
                0x0000a860       0x8b CMakeFiles/U4_Microcontroladores_GPIO_ATIVIDADE_2.dir/C_/Users/ferre/.pico-sdk/sdk/2.1.0/src/rp2_common/hardware_ticks/ticks.c.obj
 .debug_loclists
                0x0000a8eb      0x470 CMakeFiles/U4_Microcontroladores_GPIO_ATIVIDADE_2.dir/C_/Users/ferre/.pico-sdk/sdk/2.1.0/src/rp2_common/pico_bootrom/bootrom.c.obj
 .debug_loclists
                0x0000ad5b       0x28 CMakeFiles/U4_Microcontroladores_GPIO_ATIVIDADE_2.dir/C_/Users/ferre/.pico-sdk/sdk/2.1.0/src/rp2_common/pico_bootrom/bootrom_lock.c.obj
 .debug_loclists
                0x0000ad83       0x78 CMakeFiles/U4_Microcontroladores_GPIO_ATIVIDADE_2.dir/C_/Users/ferre/.pico-sdk/sdk/2.1.0/src/rp2_common/hardware_boot_lock/boot_lock.c.obj
 .debug_loclists
                0x0000adfb       0x48 CMakeFiles/U4_Microcontroladores_GPIO_ATIVIDADE_2.dir/C_/Users/ferre/.pico-sdk/sdk/2.1.0/src/rp2_common/hardware_xosc/xosc.c.obj
 .debug_loclists
                0x0000ae43       0x7e CMakeFiles/U4_Microcontroladores_GPIO_ATIVIDADE_2.dir/C_/Users/ferre/.pico-sdk/sdk/2.1.0/src/rp2_common/pico_runtime/runtime.c.obj
 .debug_loclists
                0x0000aec1      0x10a CMakeFiles/U4_Microcontroladores_GPIO_ATIVIDADE_2.dir/C_/Users/ferre/.pico-sdk/sdk/2.1.0/src/rp2_common/pico_runtime_init/runtime_init.c.obj
 .debug_loclists
                0x0000afcb       0x74 CMakeFiles/U4_Microcontroladores_GPIO_ATIVIDADE_2.dir/C_/Users/ferre/.pico-sdk/sdk/2.1.0/src/rp2_common/pico_runtime_init/runtime_init_clocks.c.obj
 .debug_loclists
                0x0000b03f     0x290d CMakeFiles/U4_Microcontroladores_GPIO_ATIVIDADE_2.dir/C_/Users/ferre/.pico-sdk/sdk/2.1.0/src/rp2_common/pico_printf/printf.c.obj
 .debug_loclists
                0x0000d94c      0x408 CMakeFiles/U4_Microcontroladores_GPIO_ATIVIDADE_2.dir/C_/Users/ferre/.pico-sdk/sdk/2.1.0/src/rp2_common/pico_clib_interface/newlib_interface.c.obj
 .debug_loclists
                0x0000dd54      0xaec CMakeFiles/U4_Microcontroladores_GPIO_ATIVIDADE_2.dir/C_/Users/ferre/.pico-sdk/sdk/2.1.0/src/rp2_common/pico_stdio/stdio.c.obj

.debug_aranges  0x00000000      0xa20
 .debug_aranges
                0x00000000       0x38 CMakeFiles/U4_Microcontroladores_GPIO_ATIVIDADE_2.dir/main.c.obj
 .debug_aranges
                0x00000038      0x120 CMakeFiles/U4_Microcontroladores_GPIO_ATIVIDADE_2.dir/C_/Users/ferre/.pico-sdk/sdk/2.1.0/src/rp2_common/hardware_gpio/gpio.c.obj
 .debug_aranges
                0x00000158       0x28 CMakeFiles/U4_Microcontroladores_GPIO_ATIVIDADE_2.dir/C_/Users/ferre/.pico-sdk/sdk/2.1.0/src/rp2_common/pico_platform_panic/panic.c.obj
 .debug_aranges
                0x00000180       0x48 CMakeFiles/U4_Microcontroladores_GPIO_ATIVIDADE_2.dir/C_/Users/ferre/.pico-sdk/sdk/2.1.0/src/common/hardware_claim/claim.c.obj
 .debug_aranges
                0x000001c8       0x48 CMakeFiles/U4_Microcontroladores_GPIO_ATIVIDADE_2.dir/C_/Users/ferre/.pico-sdk/sdk/2.1.0/src/rp2_common/hardware_sync/sync.c.obj
 .debug_aranges
                0x00000210       0x30 CMakeFiles/U4_Microcontroladores_GPIO_ATIVIDADE_2.dir/C_/Users/ferre/.pico-sdk/sdk/2.1.0/src/rp2_common/hardware_sync_spin_lock/sync_spin_lock.c.obj
 .debug_aranges
                0x00000240       0xb0 CMakeFiles/U4_Microcontroladores_GPIO_ATIVIDADE_2.dir/C_/Users/ferre/.pico-sdk/sdk/2.1.0/src/rp2_common/hardware_irq/irq.c.obj
 .debug_aranges
                0x000002f0       0x20 CMakeFiles/U4_Microcontroladores_GPIO_ATIVIDADE_2.dir/C_/Users/ferre/.pico-sdk/sdk/2.1.0/src/common/pico_sync/lock_core.c.obj
 .debug_aranges
                0x00000310       0x98 CMakeFiles/U4_Microcontroladores_GPIO_ATIVIDADE_2.dir/C_/Users/ferre/.pico-sdk/sdk/2.1.0/src/common/pico_sync/mutex.c.obj
 .debug_aranges
                0x000003a8       0xe0 CMakeFiles/U4_Microcontroladores_GPIO_ATIVIDADE_2.dir/C_/Users/ferre/.pico-sdk/sdk/2.1.0/src/common/pico_time/time.c.obj
 .debug_aranges
                0x00000488       0xf0 CMakeFiles/U4_Microcontroladores_GPIO_ATIVIDADE_2.dir/C_/Users/ferre/.pico-sdk/sdk/2.1.0/src/rp2_common/hardware_timer/timer.c.obj
 .debug_aranges
                0x00000578       0x90 CMakeFiles/U4_Microcontroladores_GPIO_ATIVIDADE_2.dir/C_/Users/ferre/.pico-sdk/sdk/2.1.0/src/rp2_common/hardware_clocks/clocks.c.obj
 .debug_aranges
                0x00000608       0x28 CMakeFiles/U4_Microcontroladores_GPIO_ATIVIDADE_2.dir/C_/Users/ferre/.pico-sdk/sdk/2.1.0/src/rp2_common/hardware_pll/pll.c.obj
 .debug_aranges
                0x00000630       0x30 CMakeFiles/U4_Microcontroladores_GPIO_ATIVIDADE_2.dir/C_/Users/ferre/.pico-sdk/sdk/2.1.0/src/rp2_common/hardware_ticks/ticks.c.obj
 .debug_aranges
                0x00000660       0x58 CMakeFiles/U4_Microcontroladores_GPIO_ATIVIDADE_2.dir/C_/Users/ferre/.pico-sdk/sdk/2.1.0/src/rp2_common/pico_bootrom/bootrom.c.obj
 .debug_aranges
                0x000006b8       0x20 CMakeFiles/U4_Microcontroladores_GPIO_ATIVIDADE_2.dir/C_/Users/ferre/.pico-sdk/sdk/2.1.0/src/rp2_common/pico_bootrom/bootrom_lock.c.obj
 .debug_aranges
                0x000006d8       0x30 CMakeFiles/U4_Microcontroladores_GPIO_ATIVIDADE_2.dir/C_/Users/ferre/.pico-sdk/sdk/2.1.0/src/rp2_common/hardware_boot_lock/boot_lock.c.obj
 .debug_aranges
                0x00000708       0x30 CMakeFiles/U4_Microcontroladores_GPIO_ATIVIDADE_2.dir/C_/Users/ferre/.pico-sdk/sdk/2.1.0/src/rp2_common/hardware_xosc/xosc.c.obj
 .debug_aranges
                0x00000738       0x38 CMakeFiles/U4_Microcontroladores_GPIO_ATIVIDADE_2.dir/C_/Users/ferre/.pico-sdk/sdk/2.1.0/src/rp2_common/pico_runtime/runtime.c.obj
 .debug_aranges
                0x00000770       0x58 CMakeFiles/U4_Microcontroladores_GPIO_ATIVIDADE_2.dir/C_/Users/ferre/.pico-sdk/sdk/2.1.0/src/rp2_common/pico_runtime_init/runtime_init.c.obj
 .debug_aranges
                0x000007c8       0x20 CMakeFiles/U4_Microcontroladores_GPIO_ATIVIDADE_2.dir/C_/Users/ferre/.pico-sdk/sdk/2.1.0/src/rp2_common/pico_runtime_init/runtime_init_clocks.c.obj
 .debug_aranges
                0x000007e8       0x18 CMakeFiles/U4_Microcontroladores_GPIO_ATIVIDADE_2.dir/C_/Users/ferre/.pico-sdk/sdk/2.1.0/src/rp2_common/pico_standard_binary_info/standard_binary_info.c.obj
 .debug_aranges
                0x00000800       0x90 CMakeFiles/U4_Microcontroladores_GPIO_ATIVIDADE_2.dir/C_/Users/ferre/.pico-sdk/sdk/2.1.0/src/rp2_common/pico_printf/printf.c.obj
 .debug_aranges
                0x00000890       0x28 CMakeFiles/U4_Microcontroladores_GPIO_ATIVIDADE_2.dir/C_/Users/ferre/.pico-sdk/sdk/2.1.0/src/rp2_common/pico_crt0/crt0.S.obj
 .debug_aranges
                0x000008b8       0xa0 CMakeFiles/U4_Microcontroladores_GPIO_ATIVIDADE_2.dir/C_/Users/ferre/.pico-sdk/sdk/2.1.0/src/rp2_common/pico_clib_interface/newlib_interface.c.obj
 .debug_aranges
                0x00000958       0xc8 CMakeFiles/U4_Microcontroladores_GPIO_ATIVIDADE_2.dir/C_/Users/ferre/.pico-sdk/sdk/2.1.0/src/rp2_common/pico_stdio/stdio.c.obj

.debug_rnglists
                0x00000000     0x2a3f
 .debug_rnglists
                0x00000000       0x56 CMakeFiles/U4_Microcontroladores_GPIO_ATIVIDADE_2.dir/main.c.obj
 .debug_rnglists
                0x00000056      0x641 CMakeFiles/U4_Microcontroladores_GPIO_ATIVIDADE_2.dir/C_/Users/ferre/.pico-sdk/sdk/2.1.0/src/rp2_common/hardware_gpio/gpio.c.obj
 .debug_rnglists
                0x00000697       0x19 CMakeFiles/U4_Microcontroladores_GPIO_ATIVIDADE_2.dir/C_/Users/ferre/.pico-sdk/sdk/2.1.0/src/rp2_common/pico_platform_panic/panic.c.obj
 .debug_rnglists
                0x000006b0      0x104 CMakeFiles/U4_Microcontroladores_GPIO_ATIVIDADE_2.dir/C_/Users/ferre/.pico-sdk/sdk/2.1.0/src/common/hardware_claim/claim.c.obj
 .debug_rnglists
                0x000007b4       0x67 CMakeFiles/U4_Microcontroladores_GPIO_ATIVIDADE_2.dir/C_/Users/ferre/.pico-sdk/sdk/2.1.0/src/rp2_common/hardware_sync/sync.c.obj
 .debug_rnglists
                0x0000081b       0x43 CMakeFiles/U4_Microcontroladores_GPIO_ATIVIDADE_2.dir/C_/Users/ferre/.pico-sdk/sdk/2.1.0/src/rp2_common/hardware_sync_spin_lock/sync_spin_lock.c.obj
 .debug_rnglists
                0x0000085e      0x3d8 CMakeFiles/U4_Microcontroladores_GPIO_ATIVIDADE_2.dir/C_/Users/ferre/.pico-sdk/sdk/2.1.0/src/rp2_common/hardware_irq/irq.c.obj
 .debug_rnglists
                0x00000c36       0x13 CMakeFiles/U4_Microcontroladores_GPIO_ATIVIDADE_2.dir/C_/Users/ferre/.pico-sdk/sdk/2.1.0/src/common/pico_sync/lock_core.c.obj
 .debug_rnglists
                0x00000c49      0x2c1 CMakeFiles/U4_Microcontroladores_GPIO_ATIVIDADE_2.dir/C_/Users/ferre/.pico-sdk/sdk/2.1.0/src/common/pico_sync/mutex.c.obj
 .debug_rnglists
                0x00000f0a      0x7d0 CMakeFiles/U4_Microcontroladores_GPIO_ATIVIDADE_2.dir/C_/Users/ferre/.pico-sdk/sdk/2.1.0/src/common/pico_time/time.c.obj
 .debug_rnglists
                0x000016da      0x499 CMakeFiles/U4_Microcontroladores_GPIO_ATIVIDADE_2.dir/C_/Users/ferre/.pico-sdk/sdk/2.1.0/src/rp2_common/hardware_timer/timer.c.obj
 .debug_rnglists
                0x00001b73      0x5c4 CMakeFiles/U4_Microcontroladores_GPIO_ATIVIDADE_2.dir/C_/Users/ferre/.pico-sdk/sdk/2.1.0/src/rp2_common/hardware_clocks/clocks.c.obj
 .debug_rnglists
                0x00002137       0x59 CMakeFiles/U4_Microcontroladores_GPIO_ATIVIDADE_2.dir/C_/Users/ferre/.pico-sdk/sdk/2.1.0/src/rp2_common/hardware_pll/pll.c.obj
 .debug_rnglists
                0x00002190       0x2b CMakeFiles/U4_Microcontroladores_GPIO_ATIVIDADE_2.dir/C_/Users/ferre/.pico-sdk/sdk/2.1.0/src/rp2_common/hardware_ticks/ticks.c.obj
 .debug_rnglists
                0x000021bb       0x9d CMakeFiles/U4_Microcontroladores_GPIO_ATIVIDADE_2.dir/C_/Users/ferre/.pico-sdk/sdk/2.1.0/src/rp2_common/pico_bootrom/bootrom.c.obj
 .debug_rnglists
                0x00002258       0x13 CMakeFiles/U4_Microcontroladores_GPIO_ATIVIDADE_2.dir/C_/Users/ferre/.pico-sdk/sdk/2.1.0/src/rp2_common/pico_bootrom/bootrom_lock.c.obj
 .debug_rnglists
                0x0000226b       0x4f CMakeFiles/U4_Microcontroladores_GPIO_ATIVIDADE_2.dir/C_/Users/ferre/.pico-sdk/sdk/2.1.0/src/rp2_common/hardware_boot_lock/boot_lock.c.obj
 .debug_rnglists
                0x000022ba       0x2b CMakeFiles/U4_Microcontroladores_GPIO_ATIVIDADE_2.dir/C_/Users/ferre/.pico-sdk/sdk/2.1.0/src/rp2_common/hardware_xosc/xosc.c.obj
 .debug_rnglists
                0x000022e5       0x3d CMakeFiles/U4_Microcontroladores_GPIO_ATIVIDADE_2.dir/C_/Users/ferre/.pico-sdk/sdk/2.1.0/src/rp2_common/pico_runtime/runtime.c.obj
 .debug_rnglists
                0x00002322       0x70 CMakeFiles/U4_Microcontroladores_GPIO_ATIVIDADE_2.dir/C_/Users/ferre/.pico-sdk/sdk/2.1.0/src/rp2_common/pico_runtime_init/runtime_init.c.obj
 .debug_rnglists
                0x00002392       0x2c CMakeFiles/U4_Microcontroladores_GPIO_ATIVIDADE_2.dir/C_/Users/ferre/.pico-sdk/sdk/2.1.0/src/rp2_common/pico_runtime_init/runtime_init_clocks.c.obj
 .debug_rnglists
                0x000023be      0x2bf CMakeFiles/U4_Microcontroladores_GPIO_ATIVIDADE_2.dir/C_/Users/ferre/.pico-sdk/sdk/2.1.0/src/rp2_common/pico_printf/printf.c.obj
 .debug_rnglists
                0x0000267d       0x1b CMakeFiles/U4_Microcontroladores_GPIO_ATIVIDADE_2.dir/C_/Users/ferre/.pico-sdk/sdk/2.1.0/src/rp2_common/pico_crt0/crt0.S.obj
 .debug_rnglists
                0x00002698       0xaf CMakeFiles/U4_Microcontroladores_GPIO_ATIVIDADE_2.dir/C_/Users/ferre/.pico-sdk/sdk/2.1.0/src/rp2_common/pico_clib_interface/newlib_interface.c.obj
 .debug_rnglists
                0x00002747      0x2f8 CMakeFiles/U4_Microcontroladores_GPIO_ATIVIDADE_2.dir/C_/Users/ferre/.pico-sdk/sdk/2.1.0/src/rp2_common/pico_stdio/stdio.c.obj

.debug_line     0x00000000    0x12dd0
 .debug_line    0x00000000      0x75b CMakeFiles/U4_Microcontroladores_GPIO_ATIVIDADE_2.dir/main.c.obj
 .debug_line    0x0000075b     0x1bc6 CMakeFiles/U4_Microcontroladores_GPIO_ATIVIDADE_2.dir/C_/Users/ferre/.pico-sdk/sdk/2.1.0/src/rp2_common/hardware_gpio/gpio.c.obj
 .debug_line    0x00002321      0x285 CMakeFiles/U4_Microcontroladores_GPIO_ATIVIDADE_2.dir/C_/Users/ferre/.pico-sdk/sdk/2.1.0/src/rp2_common/pico_platform_panic/panic.c.obj
 .debug_line    0x000025a6      0x856 CMakeFiles/U4_Microcontroladores_GPIO_ATIVIDADE_2.dir/C_/Users/ferre/.pico-sdk/sdk/2.1.0/src/common/hardware_claim/claim.c.obj
 .debug_line    0x00002dfc      0x417 CMakeFiles/U4_Microcontroladores_GPIO_ATIVIDADE_2.dir/C_/Users/ferre/.pico-sdk/sdk/2.1.0/src/rp2_common/hardware_sync/sync.c.obj
 .debug_line    0x00003213      0x3a4 CMakeFiles/U4_Microcontroladores_GPIO_ATIVIDADE_2.dir/C_/Users/ferre/.pico-sdk/sdk/2.1.0/src/rp2_common/hardware_sync_spin_lock/sync_spin_lock.c.obj
 .debug_line    0x000035b7     0x171b CMakeFiles/U4_Microcontroladores_GPIO_ATIVIDADE_2.dir/C_/Users/ferre/.pico-sdk/sdk/2.1.0/src/rp2_common/hardware_irq/irq.c.obj
 .debug_line    0x00004cd2      0x270 CMakeFiles/U4_Microcontroladores_GPIO_ATIVIDADE_2.dir/C_/Users/ferre/.pico-sdk/sdk/2.1.0/src/common/pico_sync/lock_core.c.obj
 .debug_line    0x00004f42     0x1294 CMakeFiles/U4_Microcontroladores_GPIO_ATIVIDADE_2.dir/C_/Users/ferre/.pico-sdk/sdk/2.1.0/src/common/pico_sync/mutex.c.obj
 .debug_line    0x000061d6     0x2e97 CMakeFiles/U4_Microcontroladores_GPIO_ATIVIDADE_2.dir/C_/Users/ferre/.pico-sdk/sdk/2.1.0/src/common/pico_time/time.c.obj
 .debug_line    0x0000906d     0x1dcb CMakeFiles/U4_Microcontroladores_GPIO_ATIVIDADE_2.dir/C_/Users/ferre/.pico-sdk/sdk/2.1.0/src/rp2_common/hardware_timer/timer.c.obj
 .debug_line    0x0000ae38     0x1d8d CMakeFiles/U4_Microcontroladores_GPIO_ATIVIDADE_2.dir/C_/Users/ferre/.pico-sdk/sdk/2.1.0/src/rp2_common/hardware_clocks/clocks.c.obj
 .debug_line    0x0000cbc5      0x4d9 CMakeFiles/U4_Microcontroladores_GPIO_ATIVIDADE_2.dir/C_/Users/ferre/.pico-sdk/sdk/2.1.0/src/rp2_common/hardware_pll/pll.c.obj
 .debug_line    0x0000d09e      0x33a CMakeFiles/U4_Microcontroladores_GPIO_ATIVIDADE_2.dir/C_/Users/ferre/.pico-sdk/sdk/2.1.0/src/rp2_common/hardware_ticks/ticks.c.obj
 .debug_line    0x0000d3d8      0x67b CMakeFiles/U4_Microcontroladores_GPIO_ATIVIDADE_2.dir/C_/Users/ferre/.pico-sdk/sdk/2.1.0/src/rp2_common/pico_bootrom/bootrom.c.obj
 .debug_line    0x0000da53      0x3ab CMakeFiles/U4_Microcontroladores_GPIO_ATIVIDADE_2.dir/C_/Users/ferre/.pico-sdk/sdk/2.1.0/src/rp2_common/pico_bootrom/bootrom_lock.c.obj
 .debug_line    0x0000ddfe      0x425 CMakeFiles/U4_Microcontroladores_GPIO_ATIVIDADE_2.dir/C_/Users/ferre/.pico-sdk/sdk/2.1.0/src/rp2_common/hardware_boot_lock/boot_lock.c.obj
 .debug_line    0x0000e223      0x35c CMakeFiles/U4_Microcontroladores_GPIO_ATIVIDADE_2.dir/C_/Users/ferre/.pico-sdk/sdk/2.1.0/src/rp2_common/hardware_xosc/xosc.c.obj
 .debug_line    0x0000e57f      0x319 CMakeFiles/U4_Microcontroladores_GPIO_ATIVIDADE_2.dir/C_/Users/ferre/.pico-sdk/sdk/2.1.0/src/rp2_common/pico_runtime/runtime.c.obj
 .debug_line    0x0000e898      0x5dc CMakeFiles/U4_Microcontroladores_GPIO_ATIVIDADE_2.dir/C_/Users/ferre/.pico-sdk/sdk/2.1.0/src/rp2_common/pico_runtime_init/runtime_init.c.obj
 .debug_line    0x0000ee74      0x57e CMakeFiles/U4_Microcontroladores_GPIO_ATIVIDADE_2.dir/C_/Users/ferre/.pico-sdk/sdk/2.1.0/src/rp2_common/pico_runtime_init/runtime_init_clocks.c.obj
 .debug_line    0x0000f3f2      0x1f5 CMakeFiles/U4_Microcontroladores_GPIO_ATIVIDADE_2.dir/C_/Users/ferre/.pico-sdk/sdk/2.1.0/src/rp2_common/pico_standard_binary_info/standard_binary_info.c.obj
 .debug_line    0x0000f5e7     0x1a5b CMakeFiles/U4_Microcontroladores_GPIO_ATIVIDADE_2.dir/C_/Users/ferre/.pico-sdk/sdk/2.1.0/src/rp2_common/pico_printf/printf.c.obj
 .debug_line    0x00011042       0xa1 CMakeFiles/U4_Microcontroladores_GPIO_ATIVIDADE_2.dir/C_/Users/ferre/.pico-sdk/sdk/2.1.0/src/rp2_common/pico_crt0/crt0.S.obj
 .debug_line    0x000110e3      0x830 CMakeFiles/U4_Microcontroladores_GPIO_ATIVIDADE_2.dir/C_/Users/ferre/.pico-sdk/sdk/2.1.0/src/rp2_common/pico_clib_interface/newlib_interface.c.obj
 .debug_line    0x00011913     0x14bd CMakeFiles/U4_Microcontroladores_GPIO_ATIVIDADE_2.dir/C_/Users/ferre/.pico-sdk/sdk/2.1.0/src/rp2_common/pico_stdio/stdio.c.obj

.debug_str      0x00000000     0x49ee
 .debug_str     0x00000000     0x49ee CMakeFiles/U4_Microcontroladores_GPIO_ATIVIDADE_2.dir/main.c.obj
                                0x27d (size before relaxing)
 .debug_str     0x000049ee      0xd46 CMakeFiles/U4_Microcontroladores_GPIO_ATIVIDADE_2.dir/C_/Users/ferre/.pico-sdk/sdk/2.1.0/src/rp2_common/hardware_gpio/gpio.c.obj
 .debug_str     0x000049ee      0x22a CMakeFiles/U4_Microcontroladores_GPIO_ATIVIDADE_2.dir/C_/Users/ferre/.pico-sdk/sdk/2.1.0/src/rp2_common/pico_platform_panic/panic.c.obj
 .debug_str     0x000049ee      0x39c CMakeFiles/U4_Microcontroladores_GPIO_ATIVIDADE_2.dir/C_/Users/ferre/.pico-sdk/sdk/2.1.0/src/common/hardware_claim/claim.c.obj
 .debug_str     0x000049ee      0x347 CMakeFiles/U4_Microcontroladores_GPIO_ATIVIDADE_2.dir/C_/Users/ferre/.pico-sdk/sdk/2.1.0/src/rp2_common/hardware_sync/sync.c.obj
 .debug_str     0x000049ee      0xbf4 CMakeFiles/U4_Microcontroladores_GPIO_ATIVIDADE_2.dir/C_/Users/ferre/.pico-sdk/sdk/2.1.0/src/rp2_common/hardware_sync_spin_lock/sync_spin_lock.c.obj
 .debug_str     0x000049ee      0xc51 CMakeFiles/U4_Microcontroladores_GPIO_ATIVIDADE_2.dir/C_/Users/ferre/.pico-sdk/sdk/2.1.0/src/rp2_common/hardware_irq/irq.c.obj
 .debug_str     0x000049ee      0x239 CMakeFiles/U4_Microcontroladores_GPIO_ATIVIDADE_2.dir/C_/Users/ferre/.pico-sdk/sdk/2.1.0/src/common/pico_sync/lock_core.c.obj
 .debug_str     0x000049ee      0x90d CMakeFiles/U4_Microcontroladores_GPIO_ATIVIDADE_2.dir/C_/Users/ferre/.pico-sdk/sdk/2.1.0/src/common/pico_sync/mutex.c.obj
 .debug_str     0x000049ee     0x1330 CMakeFiles/U4_Microcontroladores_GPIO_ATIVIDADE_2.dir/C_/Users/ferre/.pico-sdk/sdk/2.1.0/src/common/pico_time/time.c.obj
 .debug_str     0x000049ee      0xbc7 CMakeFiles/U4_Microcontroladores_GPIO_ATIVIDADE_2.dir/C_/Users/ferre/.pico-sdk/sdk/2.1.0/src/rp2_common/hardware_timer/timer.c.obj
 .debug_str     0x000049ee      0xb82 CMakeFiles/U4_Microcontroladores_GPIO_ATIVIDADE_2.dir/C_/Users/ferre/.pico-sdk/sdk/2.1.0/src/rp2_common/hardware_clocks/clocks.c.obj
 .debug_str     0x000049ee      0x4c0 CMakeFiles/U4_Microcontroladores_GPIO_ATIVIDADE_2.dir/C_/Users/ferre/.pico-sdk/sdk/2.1.0/src/rp2_common/hardware_pll/pll.c.obj
 .debug_str     0x000049ee      0x2ed CMakeFiles/U4_Microcontroladores_GPIO_ATIVIDADE_2.dir/C_/Users/ferre/.pico-sdk/sdk/2.1.0/src/rp2_common/hardware_ticks/ticks.c.obj
 .debug_str     0x000049ee      0x6c7 CMakeFiles/U4_Microcontroladores_GPIO_ATIVIDADE_2.dir/C_/Users/ferre/.pico-sdk/sdk/2.1.0/src/rp2_common/pico_bootrom/bootrom.c.obj
 .debug_str     0x000049ee      0x2d5 CMakeFiles/U4_Microcontroladores_GPIO_ATIVIDADE_2.dir/C_/Users/ferre/.pico-sdk/sdk/2.1.0/src/rp2_common/pico_bootrom/bootrom_lock.c.obj
 .debug_str     0x000049ee      0x2b3 CMakeFiles/U4_Microcontroladores_GPIO_ATIVIDADE_2.dir/C_/Users/ferre/.pico-sdk/sdk/2.1.0/src/rp2_common/hardware_boot_lock/boot_lock.c.obj
 .debug_str     0x000049ee      0x266 CMakeFiles/U4_Microcontroladores_GPIO_ATIVIDADE_2.dir/C_/Users/ferre/.pico-sdk/sdk/2.1.0/src/rp2_common/hardware_xosc/xosc.c.obj
 .debug_str     0x000049ee      0x2bc CMakeFiles/U4_Microcontroladores_GPIO_ATIVIDADE_2.dir/C_/Users/ferre/.pico-sdk/sdk/2.1.0/src/rp2_common/pico_runtime/runtime.c.obj
 .debug_str     0x000049ee     0x1201 CMakeFiles/U4_Microcontroladores_GPIO_ATIVIDADE_2.dir/C_/Users/ferre/.pico-sdk/sdk/2.1.0/src/rp2_common/pico_runtime_init/runtime_init.c.obj
 .debug_str     0x000049ee      0x508 CMakeFiles/U4_Microcontroladores_GPIO_ATIVIDADE_2.dir/C_/Users/ferre/.pico-sdk/sdk/2.1.0/src/rp2_common/pico_runtime_init/runtime_init_clocks.c.obj
 .debug_str     0x000049ee      0x465 CMakeFiles/U4_Microcontroladores_GPIO_ATIVIDADE_2.dir/C_/Users/ferre/.pico-sdk/sdk/2.1.0/src/rp2_common/pico_standard_binary_info/standard_binary_info.c.obj
 .debug_str     0x000049ee      0x4c3 CMakeFiles/U4_Microcontroladores_GPIO_ATIVIDADE_2.dir/C_/Users/ferre/.pico-sdk/sdk/2.1.0/src/rp2_common/pico_printf/printf.c.obj
 .debug_str     0x000049ee       0x97 CMakeFiles/U4_Microcontroladores_GPIO_ATIVIDADE_2.dir/C_/Users/ferre/.pico-sdk/sdk/2.1.0/src/rp2_common/pico_crt0/crt0.S.obj
 .debug_str     0x000049ee      0x8a8 CMakeFiles/U4_Microcontroladores_GPIO_ATIVIDADE_2.dir/C_/Users/ferre/.pico-sdk/sdk/2.1.0/src/rp2_common/pico_clib_interface/newlib_interface.c.obj
 .debug_str     0x000049ee      0xc5a CMakeFiles/U4_Microcontroladores_GPIO_ATIVIDADE_2.dir/C_/Users/ferre/.pico-sdk/sdk/2.1.0/src/rp2_common/pico_stdio/stdio.c.obj

.debug_frame    0x00000000     0x1c5c
 .debug_frame   0x00000000       0x68 CMakeFiles/U4_Microcontroladores_GPIO_ATIVIDADE_2.dir/main.c.obj
 .debug_frame   0x00000068      0x39c CMakeFiles/U4_Microcontroladores_GPIO_ATIVIDADE_2.dir/C_/Users/ferre/.pico-sdk/sdk/2.1.0/src/rp2_common/hardware_gpio/gpio.c.obj
 .debug_frame   0x00000404       0x4c CMakeFiles/U4_Microcontroladores_GPIO_ATIVIDADE_2.dir/C_/Users/ferre/.pico-sdk/sdk/2.1.0/src/rp2_common/pico_platform_panic/panic.c.obj
 .debug_frame   0x00000450       0x94 CMakeFiles/U4_Microcontroladores_GPIO_ATIVIDADE_2.dir/C_/Users/ferre/.pico-sdk/sdk/2.1.0/src/common/hardware_claim/claim.c.obj
 .debug_frame   0x000004e4       0x98 CMakeFiles/U4_Microcontroladores_GPIO_ATIVIDADE_2.dir/C_/Users/ferre/.pico-sdk/sdk/2.1.0/src/rp2_common/hardware_sync/sync.c.obj
 .debug_frame   0x0000057c       0x40 CMakeFiles/U4_Microcontroladores_GPIO_ATIVIDADE_2.dir/C_/Users/ferre/.pico-sdk/sdk/2.1.0/src/rp2_common/hardware_sync_spin_lock/sync_spin_lock.c.obj